Component: ARM Compiler 5.06 update 7 (build 960) Tool: armlink [4d3601]

==============================================================================

Section Cross References

    startup_stm32f407xx.o(STACK) refers (Special) to heapauxi.o(.text) for __use_two_region_memory
    startup_stm32f407xx.o(HEAP) refers (Special) to heapauxi.o(.text) for __use_two_region_memory
    startup_stm32f407xx.o(RESET) refers (Special) to heapauxi.o(.text) for __use_two_region_memory
    startup_stm32f407xx.o(RESET) refers to startup_stm32f407xx.o(STACK) for __initial_sp
    startup_stm32f407xx.o(RESET) refers to startup_stm32f407xx.o(.text) for Reset_Handler
    startup_stm32f407xx.o(RESET) refers to stm32f4xx_it.o(i.NMI_Handler) for NMI_Handler
    startup_stm32f407xx.o(RESET) refers to stm32f4xx_it.o(i.HardFault_Handler) for HardFault_Handler
    startup_stm32f407xx.o(RESET) refers to stm32f4xx_it.o(i.MemManage_Handler) for MemManage_Handler
    startup_stm32f407xx.o(RESET) refers to stm32f4xx_it.o(i.BusFault_Handler) for BusFault_Handler
    startup_stm32f407xx.o(RESET) refers to stm32f4xx_it.o(i.UsageFault_Handler) for UsageFault_Handler
    startup_stm32f407xx.o(RESET) refers to port.o(.emb_text) for SVC_Handler
    startup_stm32f407xx.o(RESET) refers to stm32f4xx_it.o(i.DebugMon_Handler) for DebugMon_Handler
    startup_stm32f407xx.o(RESET) refers to stm32f4xx_it.o(i.SysTick_Handler) for SysTick_Handler
    startup_stm32f407xx.o(RESET) refers to stm32f4xx_it.o(i.EXTI0_IRQHandler) for EXTI0_IRQHandler
    startup_stm32f407xx.o(RESET) refers to stm32f4xx_it.o(i.EXTI3_IRQHandler) for EXTI3_IRQHandler
    startup_stm32f407xx.o(RESET) refers to stm32f4xx_it.o(i.EXTI4_IRQHandler) for EXTI4_IRQHandler
    startup_stm32f407xx.o(RESET) refers to stm32f4xx_it.o(i.CAN1_RX0_IRQHandler) for CAN1_RX0_IRQHandler
    startup_stm32f407xx.o(RESET) refers to stm32f4xx_it.o(i.EXTI9_5_IRQHandler) for EXTI9_5_IRQHandler
    startup_stm32f407xx.o(RESET) refers to remote_control.o(i.USART3_IRQHandler) for USART3_IRQHandler
    startup_stm32f407xx.o(RESET) refers to ins_task.o(i.DMA2_Stream2_IRQHandler) for DMA2_Stream2_IRQHandler
    startup_stm32f407xx.o(RESET) refers to stm32f4xx_it.o(i.CAN2_RX0_IRQHandler) for CAN2_RX0_IRQHandler
    startup_stm32f407xx.o(.text) refers (Special) to heapauxi.o(.text) for __use_two_region_memory
    startup_stm32f407xx.o(.text) refers to system_stm32f4xx.o(i.SystemInit) for SystemInit
    startup_stm32f407xx.o(.text) refers to __main.o(!!!main) for __main
    startup_stm32f407xx.o(.text) refers to startup_stm32f407xx.o(HEAP) for Heap_Mem
    startup_stm32f407xx.o(.text) refers to startup_stm32f407xx.o(STACK) for Stack_Mem
    main.o(i.SystemClock_Config) refers to rt_memclr_w.o(.text) for __aeabi_memclr4
    main.o(i.SystemClock_Config) refers to stm32f4xx_hal_rcc.o(i.HAL_RCC_OscConfig) for HAL_RCC_OscConfig
    main.o(i.SystemClock_Config) refers to main.o(i.Error_Handler) for Error_Handler
    main.o(i.SystemClock_Config) refers to stm32f4xx_hal_rcc.o(i.HAL_RCC_ClockConfig) for HAL_RCC_ClockConfig
    main.o(i.main) refers to stm32f4xx_hal.o(i.HAL_Init) for HAL_Init
    main.o(i.main) refers to main.o(i.SystemClock_Config) for SystemClock_Config
    main.o(i.main) refers to gpio.o(i.MX_GPIO_Init) for MX_GPIO_Init
    main.o(i.main) refers to dma.o(i.MX_DMA_Init) for MX_DMA_Init
    main.o(i.main) refers to can.o(i.MX_CAN1_Init) for MX_CAN1_Init
    main.o(i.main) refers to can.o(i.MX_CAN2_Init) for MX_CAN2_Init
    main.o(i.main) refers to spi.o(i.MX_SPI1_Init) for MX_SPI1_Init
    main.o(i.main) refers to tim.o(i.MX_TIM4_Init) for MX_TIM4_Init
    main.o(i.main) refers to tim.o(i.MX_TIM5_Init) for MX_TIM5_Init
    main.o(i.main) refers to usart.o(i.MX_USART3_UART_Init) for MX_USART3_UART_Init
    main.o(i.main) refers to tim.o(i.MX_TIM8_Init) for MX_TIM8_Init
    main.o(i.main) refers to i2c.o(i.MX_I2C3_Init) for MX_I2C3_Init
    main.o(i.main) refers to rtc.o(i.MX_RTC_Init) for MX_RTC_Init
    main.o(i.main) refers to tim.o(i.MX_TIM3_Init) for MX_TIM3_Init
    main.o(i.main) refers to tim.o(i.MX_TIM10_Init) for MX_TIM10_Init
    main.o(i.main) refers to bsp_can.o(i.can_filter_init) for can_filter_init
    main.o(i.main) refers to bsp_delay.o(i.delay_init) for delay_init
    main.o(i.main) refers to calibrate_task.o(i.cali_param_init) for cali_param_init
    main.o(i.main) refers to remote_control.o(i.remote_control_init) for remote_control_init
    main.o(i.main) refers to freertos.o(i.MX_FREERTOS_Init) for MX_FREERTOS_Init
    main.o(i.main) refers to cmsis_os.o(i.osKernelStart) for osKernelStart
    gpio.o(i.MX_GPIO_Init) refers to rt_memclr_w.o(.text) for __aeabi_memclr4
    gpio.o(i.MX_GPIO_Init) refers to stm32f4xx_hal_gpio.o(i.HAL_GPIO_WritePin) for HAL_GPIO_WritePin
    gpio.o(i.MX_GPIO_Init) refers to stm32f4xx_hal_gpio.o(i.HAL_GPIO_Init) for HAL_GPIO_Init
    gpio.o(i.MX_GPIO_Init) refers to stm32f4xx_hal_cortex.o(i.HAL_NVIC_SetPriority) for HAL_NVIC_SetPriority
[...]
    USART3_IRQHandler                        0x08009321   Thumb Code   276  remote_control.o(i.USART3_IRQHandler)
    UsageFault_Handler                       0x08009451   Thumb Code     4  stm32f4xx_it.o(i.UsageFault_Handler)
    __ARM_fpclassify                         0x08009455   Thumb Code    48  fpclassify.o(i.__ARM_fpclassify)
    __ARM_fpclassifyf                        0x08009485   Thumb Code    38  fpclassifyf.o(i.__ARM_fpclassifyf)
    __hardfp_asinf                           0x080094ad   Thumb Code   258  asinf.o(i.__hardfp_asinf)
    __hardfp_atan2f                          0x080095d9   Thumb Code   594  atan2f.o(i.__hardfp_atan2f)
    __hardfp_sin                             0x08009889   Thumb Code   180  sin.o(i.__hardfp_sin)
    __hardfp_sqrtf                           0x08009951   Thumb Code    58  sqrtf_full.o(i.__hardfp_sqrtf)
    __ieee754_rem_pio2                       0x08009991   Thumb Code   938  rred.o(i.__ieee754_rem_pio2)
    __kernel_cos                             0x08009dc9   Thumb Code   322  cos_i.o(i.__kernel_cos)
    __kernel_poly                            0x08009f39   Thumb Code   248  poly.o(i.__kernel_poly)
    __kernel_sin                             0x0800a031   Thumb Code   280  sin_i.o(i.__kernel_sin)
    __mathlib_dbl_infnan                     0x0800a161   Thumb Code    20  dunder.o(i.__mathlib_dbl_infnan)
    __mathlib_dbl_invalid                    0x0800a179   Thumb Code    24  dunder.o(i.__mathlib_dbl_invalid)
    __mathlib_dbl_underflow                  0x0800a199   Thumb Code    24  dunder.o(i.__mathlib_dbl_underflow)
    __mathlib_flt_infnan                     0x0800a1b9   Thumb Code     6  funder.o(i.__mathlib_flt_infnan)
    __mathlib_flt_infnan2                    0x0800a1bf   Thumb Code     6  funder.o(i.__mathlib_flt_infnan2)
    __mathlib_flt_invalid                    0x0800a1c5   Thumb Code    10  funder.o(i.__mathlib_flt_invalid)
    __mathlib_flt_underflow                  0x0800a1d5   Thumb Code    10  funder.o(i.__mathlib_flt_underflow)
    aRGB_led_show                            0x0800a1e5   Thumb Code    82  bsp_led.o(i.aRGB_led_show)
    bmi088_accel_init                        0x0800a715   Thumb Code   302  bmi088driver.o(i.bmi088_accel_init)
    bmi088_accel_self_test                   0x0800a849   Thumb Code   760  bmi088driver.o(i.bmi088_accel_self_test)
    bmi088_gyro_init                         0x0800ab45   Thumb Code   238  bmi088driver.o(i.bmi088_gyro_init)
    bmi088_gyro_self_test                    0x0800ac39   Thumb Code   208  bmi088driver.o(i.bmi088_gyro_self_test)
    buzzer_off                               0x0800ad09   Thumb Code    10  bsp_buzzer.o(i.buzzer_off)
    buzzer_on                                0x0800ad19   Thumb Code    14  bsp_buzzer.o(i.buzzer_on)
    cali_param_init                          0x0800afc5   Thumb Code   168  calibrate_task.o(i.cali_param_init)
    calibrate_task                           0x0800b07d   Thumb Code   304  calibrate_task.o(i.calibrate_task)
    can_filter_init                          0x0800b1c5   Thumb Code    84  bsp_can.o(i.can_filter_init)
    chassis_behaviour_mode_set               0x0800b221   Thumb Code    48  chassis_behaviour.o(i.chassis_behaviour_mode_set)
    chassis_task                             0x0800b405   Thumb Code   400  chassis_task.o(i.chassis_task)
    delay_init                               0x0800b5dd   Thumb Code    32  bsp_delay.o(i.delay_init)
    delay_us                                 0x0800b60d   Thumb Code    76  bsp_delay.o(i.delay_us)
    detect_hook                              0x0800b65d   Thumb Code   288  detect_task.o(i.detect_hook)
    detect_task                              0x0800b8ed   Thumb Code   628  detect_task.o(i.detect_task)
    fabs                                     0x0800bb75   Thumb Code    24  fabs.o(i.fabs)
    flash_erase_address                      0x0800bb8d   Thumb Code    46  bsp_flash.o(i.flash_erase_address)
    flash_read                               0x0800bbbb   Thumb Code    20  bsp_flash.o(i.flash_read)
    flash_write_single_address               0x0800bbd1   Thumb Code   136  bsp_flash.o(i.flash_write_single_address)
    getRandomFloat                           0x0800bd5d   Thumb Code    56  chassis_task.o(i.getRandomFloat)
    get_INS_angle_point                      0x0800bd99   Thumb Code     4  ins_task.o(i.get_INS_angle_point)
    get_angle                                0x0800bda1   Thumb Code   232  ahrs.o(i.get_angle)
    get_chassis_motor_measure_point          0x0800be89   Thumb Code    14  can_receive.o(i.get_chassis_motor_measure_point)
    get_control_temperature                  0x0800be9d   Thumb Code     8  calibrate_task.o(i.get_control_temperature)
    get_error_list_point                     0x0800bea9   Thumb Code     4  detect_task.o(i.get_error_list_point)
    get_next_flash_address                   0x0800beb1   Thumb Code   186  bsp_flash.o(i.get_next_flash_address)
    get_remote_control_point                 0x0800bf99   Thumb Code     4  remote_control.o(i.get_remote_control_point)
    gyro_offset_calc                         0x0800bfa1   Thumb Code    78  ins_task.o(i.gyro_offset_calc)
    imu_pwm_set                              0x0800c2c9   Thumb Code     8  bsp_imu_pwm.o(i.imu_pwm_set)
    ist8310_GPIO_init                        0x0800c38d   Thumb Code     2  ist8310driver_middleware.o(i.ist8310_GPIO_init)
    ist8310_IIC_read_single_reg              0x0800c391   Thumb Code    36  ist8310driver_middleware.o(i.ist8310_IIC_read_single_reg)
    ist8310_IIC_write_single_reg             0x0800c3b9   Thumb Code    34  ist8310driver_middleware.o(i.ist8310_IIC_write_single_reg)
    ist8310_RST_H                            0x0800c3e1   Thumb Code    14  ist8310driver_middleware.o(i.ist8310_RST_H)
    ist8310_RST_L                            0x0800c3f5   Thumb Code    14  ist8310driver_middleware.o(i.ist8310_RST_L)
    ist8310_com_init                         0x0800c409   Thumb Code     2  ist8310driver_middleware.o(i.ist8310_com_init)
    ist8310_delay_ms                         0x0800c40b   Thumb Code    12  ist8310driver_middleware.o(i.ist8310_delay_ms)
    ist8310_init                             0x0800c419   Thumb Code   142  ist8310driver.o(i.ist8310_init)
    led_RGB_flow_task                        0x0800c4ad   Thumb Code   422  led_flow_task.o(i.led_RGB_flow_task)
    main                                     0x0800c65d   Thumb Code    88  main.o(i.main)
    osDelay                                  0x0800c6c1   Thumb Code    16  cmsis_os.o(i.osDelay)
    osKernelStart                            0x0800c6d1   Thumb Code    10  cmsis_os.o(i.osKernelStart)
    osThreadCreate                           0x0800c6db   Thumb Code    92  cmsis_os.o(i.osThreadCreate)
    pcTaskGetName                            0x0800c739   Thumb Code    30  tasks.o(i.pcTaskGetName)
    pvPortMalloc                             0x0800d03d   Thumb Code   224  heap_4.o(i.pvPortMalloc)
    pxPortInitialiseStack                    0x0800d125   Thumb Code    38  port.o(i.pxPortInitialiseStack)
    remote_control_init                      0x0800d1d5   Thumb Code    16  remote_control.o(i.remote_control_init)
    sqrtf                                    0x0800d2c3   Thumb Code    62  sqrtf_full.o(i.sqrtf)
    test_task                                0x0800d301   Thumb Code   124  test_task.o(i.test_task)
    ulTaskNotifyTake                         0x0800d38d   Thumb Code    96  tasks.o(i.ulTaskNotifyTake)
    uxListRemove                             0x0800d46f   Thumb Code    38  list.o(i.uxListRemove)
    uxTaskGetStackHighWaterMark              0x0800d495   Thumb Code    14  tasks.o(i.uxTaskGetStackHighWaterMark)
    vApplicationGetIdleTaskMemory            0x0800d4a9   Thumb Code    14  freertos.o(i.vApplicationGetIdleTaskMemory)
    vApplicationGetTimerTaskMemory           0x0800d4c1   Thumb Code    16  freertos.o(i.vApplicationGetTimerTaskMemory)
    vListInitialise                          0x0800d4d9   Thumb Code    22  list.o(i.vListInitialise)
    vListInitialiseItem                      0x0800d4ef   Thumb Code     6  list.o(i.vListInitialiseItem)
    vListInsert                              0x0800d4f5   Thumb Code    54  list.o(i.vListInsert)
    vListInsertEnd                           0x0800d52b   Thumb Code    24  list.o(i.vListInsertEnd)
    vPortEnterCritical                       0x0800d545   Thumb Code    54  port.o(i.vPortEnterCritical)
    vPortExitCritical                        0x0800d585   Thumb Code    38  port.o(i.vPortExitCritical)
    vPortFree                                0x0800d5b1   Thumb Code    94  heap_4.o(i.vPortFree)
    vPortSetupTimerInterrupt                 0x0800d615   Thumb Code    32  port.o(i.vPortSetupTimerInterrupt)
    vPortValidateInterruptPriority           0x0800d639   Thumb Code    74  port.o(i.vPortValidateInterruptPriority)
    vQueueAddToRegistry                      0x0800d68d   Thumb Code    34  queue.o(i.vQueueAddToRegistry)
    vQueueWaitForMessageRestricted           0x0800d6b5   Thumb Code    74  queue.o(i.vQueueWaitForMessageRestricted)
    vTaskDelay                               0x0800d701   Thumb Code    70  tasks.o(i.vTaskDelay)
    vTaskInternalSetTimeOutState             0x0800d751   Thumb Code    12  tasks.o(i.vTaskInternalSetTimeOutState)
    vTaskMissedYield                         0x0800d761   Thumb Code     8  tasks.o(i.vTaskMissedYield)
    vTaskNotifyGiveFromISR                   0x0800d76d   Thumb Code   176  tasks.o(i.vTaskNotifyGiveFromISR)
    vTaskPlaceOnEventList                    0x0800d829   Thumb Code    48  tasks.o(i.vTaskPlaceOnEventList)
    vTaskPlaceOnEventListRestricted          0x0800d85d   Thumb Code    54  tasks.o(i.vTaskPlaceOnEventListRestricted)
    vTaskStartScheduler                      0x0800d899   Thumb Code   128  tasks.o(i.vTaskStartScheduler)
    vTaskSuspendAll                          0x0800d929   Thumb Code    10  tasks.o(i.vTaskSuspendAll)
    vTaskSwitchContext                       0x0800d939   Thumb Code    86  tasks.o(i.vTaskSwitchContext)
    xPortStartScheduler                      0x0800d999   Thumb Code   232  port.o(i.xPortStartScheduler)
    xPortSysTickHandler                      0x0800da9d   Thumb Code    38  port.o(i.xPortSysTickHandler)
    xQueueGenericCreateStatic                0x0800dac9   Thumb Code   112  queue.o(i.xQueueGenericCreateStatic)
    xQueueGenericReset                       0x0800db39   Thumb Code   138  queue.o(i.xQueueGenericReset)
    xQueueGenericSend                        0x0800dbc9   Thumb Code   362  queue.o(i.xQueueGenericSend)
    xQueueGenericSendFromISR                 0x0800dd39   Thumb Code   190  queue.o(i.xQueueGenericSendFromISR)
    xQueueReceive                            0x0800ddf9   Thumb Code   322  queue.o(i.xQueueReceive)
    xTaskCheckForTimeOut                     0x0800df41   Thumb Code   148  tasks.o(i.xTaskCheckForTimeOut)
    xTaskCreate                              0x0800dfd9   Thumb Code   108  tasks.o(i.xTaskCreate)
    xTaskCreateStatic                        0x0800e045   Thumb Code    96  tasks.o(i.xTaskCreateStatic)
    xTaskGetHandle                           0x0800e0a5   Thumb Code   124  tasks.o(i.xTaskGetHandle)
    xTaskGetSchedulerState                   0x0800e131   Thumb Code    24  tasks.o(i.xTaskGetSchedulerState)
    xTaskGetTickCount                        0x0800e14d   Thumb Code     6  tasks.o(i.xTaskGetTickCount)
    xTaskIncrementTick                       0x0800e159   Thumb Code   202  tasks.o(i.xTaskIncrementTick)
    xTaskPriorityDisinherit                  0x0800e22d   Thumb Code   146  tasks.o(i.xTaskPriorityDisinherit)
    xTaskRemoveFromEventList                 0x0800e2c9   Thumb Code   108  tasks.o(i.xTaskRemoveFromEventList)
    xTaskResumeAll                           0x0800e341   Thumb Code   190  tasks.o(i.xTaskResumeAll)
    xTimerCreateTimerTask                    0x0800e40d   Thumb Code    86  timers.o(i.xTimerCreateTimerTask)
    xTimerGenericCommand                     0x0800e475   Thumb Code   112  timers.o(i.xTimerGenericCommand)
    __aeabi_dneg                             0x0800e4e9   Thumb Code     0  basic.o(x$fpl$basic)
    _dneg                                    0x0800e4e9   Thumb Code     6  basic.o(x$fpl$basic)
    __aeabi_fneg                             0x0800e4ef   Thumb Code     0  basic.o(x$fpl$basic)
    _fneg                                    0x0800e4ef   Thumb Code     6  basic.o(x$fpl$basic)
    _dabs                                    0x0800e4f5   Thumb Code     6  basic.o(x$fpl$basic)
    _fabs                                    0x0800e4fb   Thumb Code     6  basic.o(x$fpl$basic)
    __aeabi_d2f                              0x0800e501   Thumb Code     0  d2f_clz.o(x$fpl$d2f)
    _d2f                                     0x0800e501   Thumb Code   700  d2f_clz.o(x$fpl$d2f)
    __aeabi_dadd                             0x0800e7c5   Thumb Code     0  daddsub_clz.o(x$fpl$dadd)
    _dadd                                    0x0800e7c5   Thumb Code   580  daddsub_clz.o(x$fpl$dadd)
    __aeabi_ddiv                             0x0800ea11   Thumb Code     0  ddiv_clz.o(x$fpl$ddiv)
    _ddiv                                    0x0800ea11   Thumb Code   748  ddiv_clz.o(x$fpl$ddiv)
    __aeabi_d2iz                             0x0800ed8d   Thumb Code     0  dfix.o(x$fpl$dfix)
    _dfix                                    0x0800ed8d   Thumb Code   192  dfix.o(x$fpl$dfix)
    __aeabi_i2d                              0x0800ee55   Thumb Code     0  dflt_clz.o(x$fpl$dflt)
    _dflt                                    0x0800ee55   Thumb Code    46  dflt_clz.o(x$fpl$dflt)
    __dflt_normalise                         0x0800ee83   Thumb Code    26  dflt_clz.o(x$fpl$dfltn)
    __aeabi_ui2d                             0x0800ee9d   Thumb Code     0  dflt_clz.o(x$fpl$dfltu)
    _dfltu                                   0x0800ee9d   Thumb Code    38  dflt_clz.o(x$fpl$dfltu)
    __aeabi_dmul                             0x0800eec5   Thumb Code     0  dmul_clz.o(x$fpl$dmul)
    _dmul                                    0x0800eec5   Thumb Code   440  dmul_clz.o(x$fpl$dmul)
    __fpl_dnaninf                            0x0800f085   Thumb Code   258  dnaninf.o(x$fpl$dnaninf)
    __fpl_drenorm2                           0x0800f187   Thumb Code   106  drenorm_clz.o(x$fpl$drenorm)
    __fpl_drenorm1                           0x0800f1f1   Thumb Code     6  drenorm_clz.o(x$fpl$drenorm)
    __fpl_dretinf                            0x0800f1f7   Thumb Code    12  dretinf.o(x$fpl$dretinf)
    __aeabi_drsub                            0x0800f205   Thumb Code     0  daddsub_clz.o(x$fpl$drsb)
    _drsb                                    0x0800f205   Thumb Code    74  daddsub_clz.o(x$fpl$drsb)
    __aeabi_dsub                             0x0800f255   Thumb Code     0  daddsub_clz.o(x$fpl$dsub)
    _dsub                                    0x0800f255   Thumb Code   664  daddsub_clz.o(x$fpl$dsub)
    __dunder                                 0x0800f4f1   Thumb Code   314  dunder_clz.o(x$fpl$dunder)
    __dunder_d                               0x0800f62b   Thumb Code    64  dunder_clz.o(x$fpl$dunder)
    __fpl_exception                          0x0800f66d   Thumb Code   454  except.o(x$fpl$exception)
    __aeabi_f2d                              0x0800f859   Thumb Code     0  f2d.o(x$fpl$f2d)
    _f2d                                     0x0800f859   Thumb Code   122  f2d.o(x$fpl$f2d)
    __fpl_fnaninf                            0x0800f8d3   Thumb Code   242  fnaninf.o(x$fpl$fnaninf)
    _fp_init                                 0x0800f9c5   Thumb Code    10  fpinit.o(x$fpl$fpinit)
    __fplib_config_fpu_vfp                   0x0800f9cd   Thumb Code     0  fpinit.o(x$fpl$fpinit)
    __fplib_config_pureend_doubles           0x0800f9cd   Thumb Code     0  fpinit.o(x$fpl$fpinit)
    __fpl_fretinf                            0x0800f9cf   Thumb Code    10  fretinf.o(x$fpl$fretinf)
    __funder                                 0x0800f9d9   Thumb Code   254  funder_clz.o(x$fpl$funder)
    __funder_d                               0x0800fad7   Thumb Code    62  funder_clz.o(x$fpl$funder)
    __fpl_return_NaN                         0x0800fb15   Thumb Code   178  retnan.o(x$fpl$retnan)
    _fp_trapveneer                           0x0800fbc7   Thumb Code    36  trapv.o(x$fpl$trapveneer)
    __fpl_cmpreturn                          0x0800fbeb   Thumb Code    90  trapv.o(x$fpl$trapveneer)
    __I$use$fp                               0x0800fc44   Number         0  usenofp.o(x$fpl$usenofp)
    AHBPrescTable                            0x0800fcec   Data          16  system_stm32f4xx.o(.constdata)
    APBPrescTable                            0x0800fcfc   Data           8  system_stm32f4xx.o(.constdata)
    sinTable_f32                             0x0800fdd4   Data        2052  arm_common_tables.o(.constdata)
    Region$$Table$$Base                      0x08010728   Number         0  anon$$obj.o(Region$$Table)
    Region$$Table$$Limit                     0x08010748   Number         0  anon$$obj.o(Region$$Table)
    calibrate_tast_handle                    0x20000000   Data           4  freertos.o(.data)
    chassisTaskHandle                        0x20000004   Data           4  freertos.o(.data)
    detect_handle                            0x20000008   Data           4  freertos.o(.data)
    imuTaskHandle                            0x2000000c   Data           4  freertos.o(.data)
    led_RGB_flow_handle                      0x20000010   Data           4  freertos.o(.data)
    testHandle                               0x20000014   Data           4  freertos.o(.data)
    SystemCoreClock                          0x2000001c   Data           4  system_stm32f4xx.o(.data)
    calibrate_task_stack                     0x20000040   Data           4  calibrate_task.o(.data)
    cali_hook_fun                            0x2000006c   Data          20  calibrate_task.o(.data)
    speed_set_debug                          0x200000a8   Data           2  chassis_task.o(.data)
    speed                                    0x200000ac   Data           4  chassis_task.o(.data)
    a                                        0x200000b0   Data           4  chassis_task.o(.data)
    b                                        0x200000b4   Data           4  chassis_task.o(.data)
    w                                        0x200000b8   Data           4  chassis_task.o(.data)
    t                                        0x200000bc   Data           4  chassis_task.o(.data)
    tt                                       0x200000c0   Data           4  chassis_task.o(.data)
    skip_flag                                0x200000c4   Data           1  chassis_task.o(.data)
    get_flag                                 0x200000c5   Data           1  chassis_task.o(.data)
    chassis_high_water                       0x200000c8   Data           4  chassis_task.o(.data)
    sin_n                                    0x200000cc   Data           4  chassis_task.o(.data)
    sin_factor                               0x200000d0   Data           4  chassis_task.o(.data)
    _sin                                     0x200000d4   Data           4  chassis_task.o(.data)
    is                                       0x200000d8   Data           2  chassis_task.o(.data)
    pi                                       0x200000e0   Data           8  chassis_task.o(.data)
    detect_task_stack                        0x200000ec   Data           4  detect_task.o(.data)
    gyro_dma_rx_buf                          0x200000fc   Data           8  ins_task.o(.data)
    gyro_dma_tx_buf                          0x20000104   Data           8  ins_task.o(.data)
    accel_dma_tx_buf                         0x2000010c   Data           9  ins_task.o(.data)
    accel_temp_dma_rx_buf                    0x20000115   Data           4  ins_task.o(.data)
    accel_temp_dma_tx_buf                    0x20000119   Data           4  ins_task.o(.data)
    gyro_update_flag                         0x2000011d   Data           1  ins_task.o(.data)
    accel_update_flag                        0x2000011e   Data           1  ins_task.o(.data)
    accel_temp_update_flag                   0x2000011f   Data           1  ins_task.o(.data)
    mag_update_flag                          0x20000120   Data           1  ins_task.o(.data)
    imu_start_dma_flag                       0x20000121   Data           1  ins_task.o(.data)
    gyro_scale_factor                        0x20000124   Data          36  ins_task.o(.data)
    accel_scale_factor                       0x20000148   Data          36  ins_task.o(.data)
    mag_scale_factor                         0x2000016c   Data          36  ins_task.o(.data)
    RGB_flow_color                           0x20000198   Data          28  led_flow_task.o(.data)
    error_list_test_local                    0x200001b8   Data           4  test_task.o(.data)
    BMI088_ACCEL_SEN                         0x200001c4   Data           4  bmi088driver.o(.data)
    BMI088_GYRO_SEN                          0x200001c8   Data           4  bmi088driver.o(.data)
    uwTickFreq                               0x200001f0   Data           1  stm32f4xx_hal.o(.data)
    uwTickPrio                               0x200001f4   Data           4  stm32f4xx_hal.o(.data)
    uwTick                                   0x200001f8   Data           4  stm32f4xx_hal.o(.data)
    pxCurrentTCB                             0x200001fc   Data           4  tasks.o(.data)
    hcan1                                    0x20000930   Data          40  can.o(.bss)
    hcan2                                    0x20000958   Data          40  can.o(.bss)
    hi2c3                                    0x20000980   Data          84  i2c.o(.bss)
    hrtc                                     0x200009d4   Data          32  rtc.o(.bss)
    hspi1                                    0x200009f4   Data          88  spi.o(.bss)
    hdma_spi1_rx                             0x20000a4c   Data          96  spi.o(.bss)
    hdma_spi1_tx                             0x20000aac   Data          96  spi.o(.bss)
    htim3                                    0x20000b0c   Data          72  tim.o(.bss)
    htim4                                    0x20000b54   Data          72  tim.o(.bss)
    htim5                                    0x20000b9c   Data          72  tim.o(.bss)
    htim8                                    0x20000be4   Data          72  tim.o(.bss)
    htim10                                   0x20000c2c   Data          72  tim.o(.bss)
    huart3                                   0x20000c74   Data          68  usart.o(.bss)
    hdma_usart3_rx                           0x20000cb8   Data          96  usart.o(.bss)
    cali_sensor                              0x20000dec   Data          65  calibrate_task.o(.bss)
    motor_debug                              0x20000eb0   Data          20  chassis_task.o(.bss)
    chassis_move                             0x20000ec4   Data         916  chassis_task.o(.bss)
    error_list                               0x20001258   Data         540  detect_task.o(.bss)
    accel_dma_rx_buf                         0x20001474   Data           9  ins_task.o(.bss)
    bmi088_real_data                         0x20001480   Data          36  ins_task.o(.bss)
    gyro_offset                              0x200014a4   Data          12  ins_task.o(.bss)
    gyro_cali_offset                         0x200014b0   Data          12  ins_task.o(.bss)
    accel_offset                             0x200014bc   Data          12  ins_task.o(.bss)
    accel_cali_offset                        0x200014c8   Data          12  ins_task.o(.bss)
    ist8310_real_data                        0x200014d4   Data          16  ins_task.o(.bss)
    mag_offset                               0x200014e4   Data          12  ins_task.o(.bss)
    mag_cali_offset                          0x200014f0   Data          12  ins_task.o(.bss)
    INS_angle                                0x2000159c   Data          12  ins_task.o(.bss)
    rc_ctrl                                  0x200015a8   Data          22  remote_control.o(.bss)
    pFlash                                   0x20001608   Data          32  stm32f4xx_hal_flash.o(.bss)
    xQueueRegistry                           0x20001628   Data          64  queue.o(.bss)
    _random_number_data                      0x20007868   Data         228  rand.o(.bss)
    __libspace_start                         0x2000794c   Data          96  libspace.o(.bss)
    __temporary_stack_top$libspace           0x200079ac   Data           0  libspace.o(.bss)



==============================================================================

Memory Map of the image

  Image Entry point : 0x08000189

  Load Region LR_IROM1 (Base: 0x08000000, Size: 0x000109d0, Max: 0x00100000, ABSOLUTE, COMPRESSED[0x000107f0])

    Execution Region ER_IROM1 (Exec base: 0x08000000, Load base: 0x08000000, Size: 0x00010748, Max: 0x00100000, ABSOLUTE)

    Exec Addr    Load Addr    Size         Type   Attr      Idx    E Section Name        Object

    0x08000000   0x08000000   0x00000188   Data   RO            3    RESET               startup_stm32f407xx.o
    0x08000188   0x08000188   0x00000008   Code   RO         8797  * !!!main             c_w.l(__main.o)
    0x08000190   0x08000190   0x00000034   Code   RO         9157    !!!scatter          c_w.l(__scatter.o)
    0x080001c4   0x080001c4   0x0000005a   Code   RO         9155    !!dczerorl2         c_w.l(__dczerorl2.o)
    0x0800021e   0x0800021e   0x00000002   PAD
    0x08000220   0x08000220   0x0000001c   Code   RO         9159    !!handler_zi        c_w.l(__scatter_zi.o)
    0x0800023c   0x0800023c   0x00000002   Code   RO         9079    .ARM.Collect$$libinit$$00000000  c_w.l(libinit.o)
    0x0800023e   0x0800023e   0x00000004   Code   RO         8896    .ARM.Collect$$libinit$$00000001  c_w.l(libinit2.o)
    0x08000242   0x08000242   0x00000000   Code   RO         8899    .ARM.Collect$$libinit$$00000004  c_w.l(libinit2.o)
    0x08000242   0x08000242   0x00000000   Code   RO         8902    .ARM.Collect$$libinit$$0000000A  c_w.l(libinit2.o)
    0x08000242   0x08000242   0x00000000   Code   RO         8904    .ARM.Collect$$libinit$$0000000C  c_w.l(libinit2.o)
    0x08000242   0x08000242   0x00000004   Code   RO         8905    .ARM.Collect$$libinit$$0000000D  c_w.l(libinit2.o)
    0x08000246   0x08000246   0x00000000   Code   RO         8906    .ARM.Collect$$libinit$$0000000E  c_w.l(libinit2.o)
    0x08000246   0x08000246   0x00000000   Code   RO         8909    .ARM.Collect$$libinit$$00000011  c_w.l(libinit2.o)
    0x08000246   0x08000246   0x00000000   Code   RO         8911    .ARM.Collect$$libinit$$00000013  c_w.l(libinit2.o)
    0x08000246   0x08000246   0x00000000   Code   RO         8913    .ARM.Collect$$libinit$$00000015  c_w.l(libinit2.o)
    0x08000246   0x08000246   0x00000000   Code   RO         8915    .ARM.Collect$$libinit$$00000017  c_w.l(libinit2.o)
    0x08000246   0x08000246   0x00000000   Code   RO         8917    .ARM.Collect$$libinit$$00000019  c_w.l(libinit2.o)
    0x08000246   0x08000246   0x00000000   Code   RO         8919    .ARM.Collect$$libinit$$0000001B  c_w.l(libinit2.o)
    0x08000246   0x08000246   0x00000000   Code   RO         8921    .ARM.Collect$$libinit$$0000001D  c_w.l(libinit2.o)
    0x08000246   0x08000246   0x00000000   Code   RO         8923    .ARM.Collect$$libinit$$0000001F  c_w.l(libinit2.o)
    0x08000246   0x08000246   0x00000000   Code   RO         8925    .ARM.Collect$$libinit$$00000021  c_w.l(libinit2.o)
    0x08000246   0x08000246   0x00000000   Code   RO         8927    .ARM.Collect$$libinit$$00000023  c_w.l(libinit2.o)
    0x08000246   0x08000246   0x00000000   Code   RO         8929    .ARM.Collect$$libinit$$00000025  c_w.l(libinit2.o)
    0x08000246   0x08000246   0x00000000   Code   RO         8933    .ARM.Collect$$libinit$$0000002C  c_w.l(libinit2.o)
    0x08000246   0x08000246   0x00000000   Code   RO         8935    .ARM.Collect$$libinit$$0000002E  c_w.l(libinit2.o)
    0x08000246   0x08000246   0x00000000   Code   RO         8937    .ARM.Collect$$libinit$$00000030  c_w.l(libinit2.o)
    0x08000246   0x08000246   0x00000000   Code   RO         8939    .ARM.Collect$$libinit$$00000032  c_w.l(libinit2.o)
    0x08000246   0x08000246   0x00000002   Code   RO         8940    .ARM.Collect$$libinit$$00000033  c_w.l(libinit2.o)
    0x08000248   0x08000248   0x00000002   Code   RO         9120    .ARM.Collect$$libshutdown$$00000000  c_w.l(libshutdown.o)
    0x0800024a   0x0800024a   0x00000000   Code   RO         9136    .ARM.Collect$$libshutdown$$00000002  c_w.l(libshutdown2.o)
    0x0800024a   0x0800024a   0x00000000   Code   RO         9138    .ARM.Collect$$libshutdown$$00000004  c_w.l(libshutdown2.o)
    0x0800024a   0x0800024a   0x00000000   Code   RO         9140    .ARM.Collect$$libshutdown$$00000006  c_w.l(libshutdown2.o)
    0x0800024a   0x0800024a   0x00000000   Code   RO         9143    .ARM.Collect$$libshutdown$$00000009  c_w.l(libshutdown2.o)
    0x0800024a   0x0800024a   0x00000000   Code   RO         9146    .ARM.Collect$$libshutdown$$0000000C  c_w.l(libshutdown2.o)
    0x0800024a   0x0800024a   0x00000000   Code   RO         9148    .ARM.Collect$$libshutdown$$0000000E  c_w.l(libshutdown2.o)
    0x0800024a   0x0800024a   0x00000000   Code   RO         9151    .ARM.Collect$$libshutdown$$00000011  c_w.l(libshutdown2.o)
    0x0800024a   0x0800024a   0x00000002   Code   RO         9152    .ARM.Collect$$libshutdown$$00000012  c_w.l(libshutdown2.o)
    0x0800024c   0x0800024c   0x00000000   Code   RO         8887    .ARM.Collect$$rtentry$$00000000  c_w.l(__rtentry.o)
    0x0800024c   0x0800024c   0x00000000   Code   RO         9016    .ARM.Collect$$rtentry$$00000002  c_w.l(__rtentry2.o)
    0x0800024c   0x0800024c   0x00000006   Code   RO         9028    .ARM.Collect$$rtentry$$00000004  c_w.l(__rtentry4.o)
    0x08000252   0x08000252   0x00000000   Code   RO         9018    .ARM.Collect$$rtentry$$00000009  c_w.l(__rtentry2.o)
    0x08000252   0x08000252   0x00000004   Code   RO         9019    .ARM.Collect$$rtentry$$0000000A  c_w.l(__rtentry2.o)
    0x08000256   0x08000256   0x00000000   Code   RO         9021    .ARM.Collect$$rtentry$$0000000C  c_w.l(__rtentry2.o)
    0x08000256   0x08000256   0x00000008   Code   RO         9022    .ARM.Collect$$rtentry$$0000000D  c_w.l(__rtentry2.o)
    0x0800025e   0x0800025e   0x00000002   Code   RO         9082    .ARM.Collect$$rtexit$$00000000  c_w.l(rtexit.o)
    0x08000260   0x08000260   0x00000000   Code   RO         9102    .ARM.Collect$$rtexit$$00000002  c_w.l(rtexit2.o)
    0x08000260   0x08000260   0x00000004   Code   RO         9103    .ARM.Collect$$rtexit$$00000003  c_w.l(rtexit2.o)
    0x08000264   0x08000264   0x00000006   Code   RO         9104    .ARM.Collect$$rtexit$$00000004  c_w.l(rtexit2.o)
    0x0800026a   0x0800026a   0x00000002   PAD
    0x0800026c   0x0800026c   0x000000be   Code   RO         8451    .emb_text           port.o
    0x0800032a   0x0800032a   0x00000002   PAD
    0x0800032c   0x0800032c   0x00000034   Code   RO         8778    .emb_text           c_w.l(rand.o)
    0x08000360   0x08000360   0x00000040   Code   RO            4    .text               startup_stm32f407xx.o
    0x080003a0   0x080003a0   0x00000078   Code   RO         8618    .text               arm_cortexM4lf_math.lib(arm_cos_f32.o)
    0x08000418   0x08000418   0x00000074   Code   RO         8671    .text               arm_cortexM4lf_math.lib(arm_sin_f32.o)
    0x0800048c   0x0800048c   0x000000ee   Code   RO         8776    .text               c_w.l(lludivv7m.o)
    0x0800057a   0x0800057a   0x00000002   PAD
    0x0800057c   0x0800057c   0x0000003c   Code   RO         8779    .text               c_w.l(rand.o)
    0x080005b8   0x080005b8   0x0000003e   Code   RO         8783    .text               c_w.l(strlen.o)
    0x080005f6   0x080005f6   0x0000008a   Code   RO         8785    .text               c_w.l(rt_memcpy_v6.o)
    0x08000680   0x08000680   0x00000064   Code   RO         8787    .text               c_w.l(rt_memcpy_w.o)
    0x080006e4   0x080006e4   0x00000010   Code   RO         8791    .text               c_w.l(aeabi_memset.o)
    0x080006f4   0x080006f4   0x0000004e   Code   RO         8793    .text               c_w.l(rt_memclr_w.o)
    0x08000742   0x08000742   0x00000006   Code   RO         8795    .text               c_w.l(heapauxi.o)
    0x08000748   0x08000748   0x00000016   Code   RO         8892    .text               c_w.l(_rserrno.o)
    0x0800075e   0x0800075e   0x00000044   Code   RO         8894    .text               c_w.l(rt_memclr.o)
    0x080007a2   0x080007a2   0x00000002   PAD
    0x080007a4   0x080007a4   0x00000008   Code   RO         9035    .text               c_w.l(rt_errno_addr_intlibspace.o)
    0x080007ac   0x080007ac   0x00000030   Code   RO         9037    .text               c_w.l(_fptrap.o)
    0x080007dc   0x080007dc   0x00000008   Code   RO         9059    .text               c_w.l(libspace.o)
    0x080007e4   0x080007e4   0x0000004a   Code   RO         9062    .text               c_w.l(sys_stackheap_outer.o)
    0x0800082e   0x0800082e   0x00000012   Code   RO         9064    .text               c_w.l(exit.o)
    0x08000840   0x08000840   0x0000000e   Code   RO         9066    .text               c_w.l(defsig_fpe_outer.o)
    0x0800084e   0x0800084e   0x0000000a   Code   RO         9088    .text               c_w.l(defsig_exit.o)
    0x08000858   0x08000858   0x000000ac   Code   RO         9090    .text               c_w.l(defsig_fpe_inner.o)
    0x08000904   0x08000904   0x0000000c   Code   RO         9096    .text               c_w.l(sys_exit.o)
    0x08000910   0x08000910   0x00000002   Code   RO         9098    .text               c_w.l(use_no_semi.o)
    0x08000912   0x08000912   0x00000000   Code   RO         9100    .text               c_w.l(indicate_semi.o)
    0x08000912   0x08000912   0x00000032   Code   RO         9110    .text               c_w.l(defsig_general.o)
    0x08000944   0x08000944   0x0000000e   Code   RO         9114    .text               c_w.l(sys_wrch.o)
    0x08000952   0x08000952   0x00000018   Code   RO         2720    i.AHRS_asinf        ahrs_middleware.o
    0x0800096a   0x0800096a   0x00000020   Code   RO         2721    i.AHRS_atan2f       ahrs_middleware.o
    0x0800098a   0x0800098a   0x00000018   Code   RO         2722    i.AHRS_cosf         ahrs_middleware.o
    0x080009a2   0x080009a2   0x0000001a   Code   RO         8528    i.AHRS_fabs         AHRS.lib(ahrs.o)
    0x080009bc   0x080009bc   0x00000010   Code   RO         2723    i.AHRS_get_height   ahrs_middleware.o
    0x080009cc   0x080009cc   0x0000000c   Code   RO         2724    i.AHRS_get_latitude  ahrs_middleware.o
    0x080009d8   0x080009d8   0x0000029c   Code   RO         8529    i.AHRS_init         AHRS.lib(ahrs.o)
    0x08000c74   0x08000c74   0x00000024   Code   RO         2725    i.AHRS_invSqrt      ahrs_middleware.o
    0x08000c98   0x08000c98   0x00000018   Code   RO         2726    i.AHRS_sinf         ahrs_middleware.o
    0x08000cb0   0x08000cb0   0x0000013a   Code   RO         8530    i.AHRS_update       AHRS.lib(ahrs.o)
    0x08000dea   0x08000dea   0x00000002   PAD
    0x08000dec   0x08000dec   0x00000014   Code   RO         2508    i.BMI088_ACCEL_NS_H  bmi088middleware.o
    0x08000e00   0x08000e00   0x00000014   Code   RO         2509    i.BMI088_ACCEL_NS_L  bmi088middleware.o
    0x08000e14   0x08000e14   0x00000002   Code   RO         2510    i.BMI088_GPIO_init  bmi088middleware.o
    0x08000e16   0x08000e16   0x00000002   PAD
    0x08000e18   0x08000e18   0x00000014   Code   RO         2511    i.BMI088_GYRO_NS_H  bmi088middleware.o
    0x08000e2c   0x08000e2c   0x00000014   Code   RO         2512    i.BMI088_GYRO_NS_L  bmi088middleware.o
    0x08000e40   0x08000e40   0x00000090   Code   RO         2372    i.BMI088_accel_read_over  bmi088driver.o
    0x08000ed0   0x08000ed0   0x00000002   Code   RO         2513    i.BMI088_com_init   bmi088middleware.o
    0x08000ed2   0x08000ed2   0x0000000c   Code   RO         2514    i.BMI088_delay_ms   bmi088middleware.o
    0x08000ede   0x08000ede   0x0000000c   Code   RO         2515    i.BMI088_delay_us   bmi088middleware.o
    0x08000eea   0x08000eea   0x00000002   PAD
    0x08000eec   0x08000eec   0x00000068   Code   RO         2373    i.BMI088_gyro_read_over  bmi088driver.o
    0x08000f54   0x08000f54   0x00000034   Code   RO         2374    i.BMI088_init       bmi088driver.o
    0x08000f88   0x08000f88   0x0000017c   Code   RO         2375    i.BMI088_read       bmi088driver.o
    0x08001104   0x08001104   0x00000026   Code   RO         2378    i.BMI088_read_muli_reg  bmi088driver.o
    0x0800112a   0x0800112a   0x00000018   Code   RO         2379    i.BMI088_read_single_reg  bmi088driver.o
    0x08001142   0x08001142   0x00000002   PAD
    0x08001144   0x08001144   0x00000020   Code   RO         2516    i.BMI088_read_write_byte  bmi088middleware.o
    0x08001164   0x08001164   0x00000034   Code   RO         2380    i.BMI088_temperature_read_over  bmi088driver.o
    0x08001198   0x08001198   0x00000014   Code   RO         2381    i.BMI088_write_single_reg  bmi088driver.o
    0x080011ac   0x080011ac   0x00000004   Code   RO          794    i.BusFault_Handler  stm32f4xx_it.o
    0x080011b0   0x080011b0   0x00000010   Code   RO          795    i.CAN1_RX0_IRQHandler  stm32f4xx_it.o
    0x080011c0   0x080011c0   0x00000010   Code   RO          796    i.CAN2_RX0_IRQHandler  stm32f4xx_it.o
    0x080011d0   0x080011d0   0x00000050   Code   RO         1486    i.CAN_cmd_chassis   can_receive.o
    0x08001220   0x08001220   0x00000044   Code   RO         1487    i.CAN_cmd_chassis_reset_ID  can_receive.o
    0x08001264   0x08001264   0x00000050   Code   RO         1768    i.Calculation       chassis_task.o
    0x080012b4   0x080012b4   0x00000898   Code   RO         2087    i.DMA2_Stream2_IRQHandler  ins_task.o
    0x08001b4c   0x08001b4c   0x00000034   Code   RO         3757    i.DMA_CalcBaseAndBitshift  stm32f4xx_hal_dma.o
    0x08001b80   0x08001b80   0x0000007e   Code   RO         3758    i.DMA_CheckFifoParam  stm32f4xx_hal_dma.o
    0x08001bfe   0x08001bfe   0x00000002   Code   RO          797    i.DebugMon_Handler  stm32f4xx_it.o
    0x08001c00   0x08001c00   0x0000000a   Code   RO          798    i.EXTI0_IRQHandler  stm32f4xx_it.o
    0x08001c0a   0x08001c0a   0x0000000a   Code   RO          799    i.EXTI3_IRQHandler  stm32f4xx_it.o
    0x08001c14   0x08001c14   0x0000000a   Code   RO          800    i.EXTI4_IRQHandler  stm32f4xx_it.o
    0x08001c1e   0x08001c1e   0x0000000a   Code   RO          801    i.EXTI9_5_IRQHandler  stm32f4xx_it.o
    0x08001c28   0x08001c28   0x00000002   Code   RO           13    i.Error_Handler     main.o
    0x08001c2a   0x08001c2a   0x00000002   PAD
    0x08001c2c   0x08001c2c   0x00000050   Code   RO         3527    i.FLASH_Erase_Sector  stm32f4xx_hal_flash_ex.o
    0x08001c7c   0x08001c7c   0x00000058   Code   RO         3528    i.FLASH_FlushCaches  stm32f4xx_hal_flash_ex.o
    0x08001cd4   0x08001cd4   0x00000028   Code   RO         3529    i.FLASH_MassErase   stm32f4xx_hal_flash_ex.o
    0x08001cfc   0x08001cfc   0x00000020   Code   RO         3409    i.FLASH_Program_Byte  stm32f4xx_hal_flash.o
    0x08001d1c   0x08001d1c   0x00000034   Code   RO         3410    i.FLASH_Program_DoubleWord  stm32f4xx_hal_flash.o
    0x08001d50   0x08001d50   0x00000024   Code   RO         3411    i.FLASH_Program_HalfWord  stm32f4xx_hal_flash.o
    0x08001d74   0x08001d74   0x00000024   Code   RO         3412    i.FLASH_Program_Word  stm32f4xx_hal_flash.o
    0x08001d98   0x08001d98   0x00000074   Code   RO         3413    i.FLASH_SetErrorCode  stm32f4xx_hal_flash.o
    0x08001e0c   0x08001e0c   0x00000060   Code   RO         3414    i.FLASH_WaitForLastOperation  stm32f4xx_hal_flash.o
    0x08001e6c   0x08001e6c   0x00000024   Code   RO         3020    i.HAL_CAN_ActivateNotification  stm32f4xx_hal_can.o
    0x08001e90   0x08001e90   0x00000104   Code   RO         3021    i.HAL_CAN_AddTxMessage  stm32f4xx_hal_can.o
    0x08001f94   0x08001f94   0x00000128   Code   RO         3022    i.HAL_CAN_ConfigFilter  stm32f4xx_hal_can.o
    0x080020bc   0x080020bc   0x00000002   Code   RO         3025    i.HAL_CAN_ErrorCallback  stm32f4xx_hal_can.o
    0x080020be   0x080020be   0x0000016c   Code   RO         3028    i.HAL_CAN_GetRxMessage  stm32f4xx_hal_can.o
    0x0800222a   0x0800222a   0x00000234   Code   RO         3032    i.HAL_CAN_IRQHandler  stm32f4xx_hal_can.o
    0x0800245e   0x0800245e   0x00000168   Code   RO         3033    i.HAL_CAN_Init      stm32f4xx_hal_can.o
    0x080025c6   0x080025c6   0x00000002   PAD
    0x080025c8   0x080025c8   0x00000160   Code   RO          467    i.HAL_CAN_MspInit   can.o
    0x08002728   0x08002728   0x00000002   Code   RO         3040    i.HAL_CAN_RxFifo0FullCallback  stm32f4xx_hal_can.o
    0x0800272a   0x0800272a   0x00000002   PAD
    0x0800272c   0x0800272c   0x000000d4   Code   RO         1489    i.HAL_CAN_RxFifo0MsgPendingCallback  can_receive.o
    0x08002800   0x08002800   0x00000002   Code   RO         3042    i.HAL_CAN_RxFifo1FullCallback  stm32f4xx_hal_can.o
    0x08002802   0x08002802   0x00000002   Code   RO         3043    i.HAL_CAN_RxFifo1MsgPendingCallback  stm32f4xx_hal_can.o
    0x08002804   0x08002804   0x00000002   Code   RO         3044    i.HAL_CAN_SleepCallback  stm32f4xx_hal_can.o
    0x08002806   0x08002806   0x00000064   Code   RO         3045    i.HAL_CAN_Start     stm32f4xx_hal_can.o
    0x0800286a   0x0800286a   0x00000002   Code   RO         3047    i.HAL_CAN_TxMailbox0AbortCallback  stm32f4xx_hal_can.o
    0x0800286c   0x0800286c   0x00000002   Code   RO         3048    i.HAL_CAN_TxMailbox0CompleteCallback  stm32f4xx_hal_can.o
    0x0800286e   0x0800286e   0x00000002   Code   RO         3049    i.HAL_CAN_TxMailbox1AbortCallback  stm32f4xx_hal_can.o
    0x08002870   0x08002870   0x00000002   Code   RO         3050    i.HAL_CAN_TxMailbox1CompleteCallback  stm32f4xx_hal_can.o
    0x08002872   0x08002872   0x00000002   Code   RO         3051    i.HAL_CAN_TxMailbox2AbortCallback  stm32f4xx_hal_can.o
    0x08002874   0x08002874   0x00000002   Code   RO         3052    i.HAL_CAN_TxMailbox2CompleteCallback  stm32f4xx_hal_can.o
    0x08002876   0x08002876   0x00000002   Code   RO         3054    i.HAL_CAN_WakeUpFromRxMsgCallback  stm32f4xx_hal_can.o
    0x08002878   0x08002878   0x000000ec   Code   RO         3766    i.HAL_DMA_Init      stm32f4xx_hal_dma.o
    0x08002964   0x08002964   0x000000ac   Code   RO         3539    i.HAL_FLASHEx_Erase  stm32f4xx_hal_flash_ex.o
    0x08002a10   0x08002a10   0x00000014   Code   RO         3418    i.HAL_FLASH_Lock    stm32f4xx_hal_flash.o
    0x08002a24   0x08002a24   0x00000080   Code   RO         3423    i.HAL_FLASH_Program  stm32f4xx_hal_flash.o
    0x08002aa4   0x08002aa4   0x00000034   Code   RO         3425    i.HAL_FLASH_Unlock  stm32f4xx_hal_flash.o
    0x08002ad8   0x08002ad8   0x000000b8   Code   RO         2088    i.HAL_GPIO_EXTI_Callback  ins_task.o
    0x08002b90   0x08002b90   0x00000018   Code   RO         3652    i.HAL_GPIO_EXTI_IRQHandler  stm32f4xx_hal_gpio.o
    0x08002ba8   0x08002ba8   0x0000022c   Code   RO         3653    i.HAL_GPIO_Init     stm32f4xx_hal_gpio.o
    0x08002dd4   0x08002dd4   0x0000000e   Code   RO         3657    i.HAL_GPIO_WritePin  stm32f4xx_hal_gpio.o
    0x08002de2   0x08002de2   0x00000002   PAD
    0x08002de4   0x08002de4   0x0000000c   Code   RO         4180    i.HAL_GetTick       stm32f4xx_hal.o
    0x08002df0   0x08002df0   0x000001ac   Code   RO         4436    i.HAL_I2C_Init      stm32f4xx_hal_i2c.o
    0x08002f9c   0x08002f9c   0x000002c0   Code   RO         4454    i.HAL_I2C_Mem_Read  stm32f4xx_hal_i2c.o
    0x0800325c   0x0800325c   0x00000174   Code   RO         4457    i.HAL_I2C_Mem_Write  stm32f4xx_hal_i2c.o
    0x080033d0   0x080033d0   0x000000c8   Code   RO          543    i.HAL_I2C_MspInit   i2c.o
    0x08003498   0x08003498   0x00000010   Code   RO         4186    i.HAL_IncTick       stm32f4xx_hal.o
    0x080034a8   0x080034a8   0x00000034   Code   RO         4187    i.HAL_Init          stm32f4xx_hal.o
    0x080034dc   0x080034dc   0x00000044   Code   RO         4188    i.HAL_InitTick      stm32f4xx_hal.o
    0x08003520   0x08003520   0x00000054   Code   RO          921    i.HAL_MspInit       stm32f4xx_hal_msp.o
    0x08003574   0x08003574   0x0000001c   Code   RO         4042    i.HAL_NVIC_EnableIRQ  stm32f4xx_hal_cortex.o
    0x08003590   0x08003590   0x00000068   Code   RO         4048    i.HAL_NVIC_SetPriority  stm32f4xx_hal_cortex.o
    0x080035f8   0x080035f8   0x00000024   Code   RO         4049    i.HAL_NVIC_SetPriorityGrouping  stm32f4xx_hal_cortex.o
    0x0800361c   0x0800361c   0x0000017c   Code   RO         3359    i.HAL_RCCEx_PeriphCLKConfig  stm32f4xx_hal_rcc_ex.o
    0x08003798   0x08003798   0x0000017c   Code   RO         3254    i.HAL_RCC_ClockConfig  stm32f4xx_hal_rcc.o
    0x08003914   0x08003914   0x0000000c   Code   RO         3259    i.HAL_RCC_GetHCLKFreq  stm32f4xx_hal_rcc.o
    0x08003920   0x08003920   0x00000020   Code   RO         3261    i.HAL_RCC_GetPCLK1Freq  stm32f4xx_hal_rcc.o
    0x08003940   0x08003940   0x00000020   Code   RO         3262    i.HAL_RCC_GetPCLK2Freq  stm32f4xx_hal_rcc.o
    0x08003960   0x08003960   0x00000070   Code   RO         3263    i.HAL_RCC_GetSysClockFreq  stm32f4xx_hal_rcc.o
    0x080039d0   0x080039d0   0x00000482   Code   RO         3266    i.HAL_RCC_OscConfig  stm32f4xx_hal_rcc.o
    0x08003e52   0x08003e52   0x00000094   Code   RO         4928    i.HAL_RTC_Init      stm32f4xx_hal_rtc.o
    0x08003ee6   0x08003ee6   0x00000002   PAD
    0x08003ee8   0x08003ee8   0x00000040   Code   RO          585    i.HAL_RTC_MspInit   rtc.o
    0x08003f28   0x08003f28   0x0000003c   Code   RO         4936    i.HAL_RTC_WaitForSynchro  stm32f4xx_hal_rtc.o
    0x08003f64   0x08003f64   0x000000be   Code   RO         5328    i.HAL_SPI_Init      stm32f4xx_hal_spi.o
    0x08004022   0x08004022   0x00000002   PAD
    0x08004024   0x08004024   0x00000158   Code   RO          627    i.HAL_SPI_MspInit   spi.o
    0x0800417c   0x0800417c   0x000001f8   Code   RO         5337    i.HAL_SPI_TransmitReceive  stm32f4xx_hal_spi.o
    0x08004374   0x08004374   0x00000028   Code   RO         4053    i.HAL_SYSTICK_Config  stm32f4xx_hal_cortex.o
    0x0800439c   0x0800439c   0x0000009a   Code   RO         6375    i.HAL_TIMEx_MasterConfigSynchronization  stm32f4xx_hal_tim_ex.o
    0x08004436   0x08004436   0x0000005c   Code   RO         5641    i.HAL_TIM_Base_Init  stm32f4xx_hal_tim.o
    0x08004492   0x08004492   0x00000002   PAD
    0x08004494   0x08004494   0x000000c0   Code   RO          669    i.HAL_TIM_Base_MspInit  tim.o
    0x08004554   0x08004554   0x00000080   Code   RO         5644    i.HAL_TIM_Base_Start  stm32f4xx_hal_tim.o
    0x080045d4   0x080045d4   0x000000ea   Code   RO         5650    i.HAL_TIM_ConfigClockSource  stm32f4xx_hal_tim.o
    0x080046be   0x080046be   0x00000002   PAD
    0x080046c0   0x080046c0   0x000001a4   Code   RO          670    i.HAL_TIM_MspPostInit  tim.o
    0x08004864   0x08004864   0x00000052   Code   RO         5690    i.HAL_TIM_OC_ConfigChannel  stm32f4xx_hal_tim.o
    0x080048b6   0x080048b6   0x0000005c   Code   RO         5694    i.HAL_TIM_OC_Init   stm32f4xx_hal_tim.o
    0x08004912   0x08004912   0x00000002   PAD
    0x08004914   0x08004914   0x00000034   Code   RO          672    i.HAL_TIM_OC_MspInit  tim.o
    0x08004948   0x08004948   0x000000d8   Code   RO         5713    i.HAL_TIM_PWM_ConfigChannel  stm32f4xx_hal_tim.o
    0x08004a20   0x08004a20   0x0000005c   Code   RO         5716    i.HAL_TIM_PWM_Init  stm32f4xx_hal_tim.o
    0x08004a7c   0x08004a7c   0x00000002   Code   RO         5718    i.HAL_TIM_PWM_MspInit  stm32f4xx_hal_tim.o
    0x08004a7e   0x08004a7e   0x00000002   PAD
    0x08004a80   0x08004a80   0x000000dc   Code   RO         5721    i.HAL_TIM_PWM_Start  stm32f4xx_hal_tim.o
    0x08004b5c   0x08004b5c   0x00000064   Code   RO         6652    i.HAL_UART_Init     stm32f4xx_hal_uart.o
    0x08004bc0   0x08004bc0   0x000000e0   Code   RO          753    i.HAL_UART_MspInit  usart.o
    0x08004ca0   0x08004ca0   0x00000004   Code   RO          802    i.HardFault_Handler  stm32f4xx_it.o
    0x08004ca4   0x08004ca4   0x00000032   Code   RO         4479    i.I2C_IsAcknowledgeFailed  stm32f4xx_hal_i2c.o
    0x08004cd6   0x08004cd6   0x00000002   PAD
    0x08004cd8   0x08004cd8   0x00000154   Code   RO         4490    i.I2C_RequestMemoryRead  stm32f4xx_hal_i2c.o
    0x08004e2c   0x08004e2c   0x000000d0   Code   RO         4491    i.I2C_RequestMemoryWrite  stm32f4xx_hal_i2c.o
    0x08004efc   0x08004efc   0x0000005c   Code   RO         4499    i.I2C_WaitOnBTFFlagUntilTimeout  stm32f4xx_hal_i2c.o
    0x08004f58   0x08004f58   0x000000b4   Code   RO         4500    i.I2C_WaitOnFlagUntilTimeout  stm32f4xx_hal_i2c.o
    0x0800500c   0x0800500c   0x000000ce   Code   RO         4501    i.I2C_WaitOnMasterAddressFlagUntilTimeout  stm32f4xx_hal_i2c.o
    0x080050da   0x080050da   0x0000007c   Code   RO         4502    i.I2C_WaitOnRXNEFlagUntilTimeout  stm32f4xx_hal_i2c.o
    0x08005156   0x08005156   0x0000005c   Code   RO         4505    i.I2C_WaitOnTXEFlagUntilTimeout  stm32f4xx_hal_i2c.o
    0x080051b2   0x080051b2   0x00000002   PAD
    0x080051b4   0x080051b4   0x0000007c   Code   RO         2089    i.INS_cali_gyro     ins_task.o
    0x08005230   0x08005230   0x00000048   Code   RO         2090    i.INS_set_cali_gyro  ins_task.o
    0x08005278   0x08005278   0x00000304   Code   RO         2091    i.INS_task          ins_task.o
    0x0800557c   0x0800557c   0x00000044   Code   RO          468    i.MX_CAN1_Init      can.o
    0x080055c0   0x080055c0   0x00000044   Code   RO          469    i.MX_CAN2_Init      can.o
    0x08005604   0x08005604   0x00000078   Code   RO          515    i.MX_DMA_Init       dma.o
    0x0800567c   0x0800567c   0x000000b4   Code   RO          410    i.MX_FREERTOS_Init  freertos.o
    0x08005730   0x08005730   0x000001d4   Code   RO          275    i.MX_GPIO_Init      gpio.o
    0x08005904   0x08005904   0x0000003c   Code   RO          544    i.MX_I2C3_Init      i2c.o
    0x08005940   0x08005940   0x00000034   Code   RO          586    i.MX_RTC_Init       rtc.o
    0x08005974   0x08005974   0x00000048   Code   RO          628    i.MX_SPI1_Init      spi.o
    0x080059bc   0x080059bc   0x0000006c   Code   RO          673    i.MX_TIM10_Init     tim.o
    0x08005a28   0x08005a28   0x000000a4   Code   RO          674    i.MX_TIM3_Init      tim.o
    0x08005acc   0x08005acc   0x00000078   Code   RO          675    i.MX_TIM4_Init      tim.o
    0x08005b44   0x08005b44   0x000000c4   Code   RO          676    i.MX_TIM5_Init      tim.o
    0x08005c08   0x08005c08   0x00000070   Code   RO          677    i.MX_TIM8_Init      tim.o
    0x08005c78   0x08005c78   0x0000003c   Code   RO          754    i.MX_USART3_UART_Init  usart.o
    0x08005cb4   0x08005cb4   0x00000004   Code   RO          803    i.MemManage_Handler  stm32f4xx_it.o
    0x08005cb8   0x08005cb8   0x00000002   Code   RO          804    i.NMI_Handler       stm32f4xx_it.o
    0x08005cba   0x08005cba   0x00000002   PAD
    0x08005cbc   0x08005cbc   0x000001f0   Code   RO         2980    i.PID_calc          pid.o
    0x08005eac   0x08005eac   0x00000060   Code   RO         2982    i.PID_init          pid.o
    0x08005f0c   0x08005f0c   0x0000009c   Code   RO         1280    i.RC_Init           bsp_rc.o
    0x08005fa8   0x08005fa8   0x00000368   Code   RO         1351    i.RC_cmd_to_calibrate  calibrate_task.o
    0x08006310   0x08006310   0x00000050   Code   RO         1281    i.RC_restart        bsp_rc.o
    0x08006360   0x08006360   0x00000018   Code   RO         1282    i.RC_unable         bsp_rc.o
    0x08006378   0x08006378   0x00000048   Code   RO         4939    i.RTC_EnterInitMode  stm32f4xx_hal_rtc.o
    0x080063c0   0x080063c0   0x0000002c   Code   RO         4940    i.RTC_ExitInitMode  stm32f4xx_hal_rtc.o
    0x080063ec   0x080063ec   0x0000273c   Code   RO         1320    i.SPI1_DMA_enable   bsp_spi.o
    0x08008b28   0x08008b28   0x00000180   Code   RO         1321    i.SPI1_DMA_init     bsp_spi.o
    0x08008ca8   0x08008ca8   0x00000064   Code   RO         5366    i.SPI_EndRxTxTransaction  stm32f4xx_hal_spi.o
    0x08008d0c   0x08008d0c   0x000000d8   Code   RO         5371    i.SPI_WaitFlagStateUntilTimeout  stm32f4xx_hal_spi.o
    0x08008de4   0x08008de4   0x00000014   Code   RO          805    i.SysTick_Handler   stm32f4xx_it.o
    0x08008df8   0x08008df8   0x000000b4   Code   RO           14    i.SystemClock_Config  main.o
    0x08008eac   0x08008eac   0x00000064   Code   RO          946    i.SystemInit        system_stm32f4xx.o
    0x08008f10   0x08008f10   0x000000cc   Code   RO         5734    i.TIM_Base_SetConfig  stm32f4xx_hal_tim.o
    0x08008fdc   0x08008fdc   0x0000001e   Code   RO         5735    i.TIM_CCxChannelCmd  stm32f4xx_hal_tim.o
    0x08008ffa   0x08008ffa   0x00000016   Code   RO         5745    i.TIM_ETR_SetConfig  stm32f4xx_hal_tim.o
    0x08009010   0x08009010   0x00000010   Code   RO         5746    i.TIM_ITRx_SetConfig  stm32f4xx_hal_tim.o
    0x08009020   0x08009020   0x00000070   Code   RO         5747    i.TIM_OC1_SetConfig  stm32f4xx_hal_tim.o
    0x08009090   0x08009090   0x00000078   Code   RO         5748    i.TIM_OC2_SetConfig  stm32f4xx_hal_tim.o
    0x08009108   0x08009108   0x00000078   Code   RO         5749    i.TIM_OC3_SetConfig  stm32f4xx_hal_tim.o
    0x08009180   0x08009180   0x00000058   Code   RO         5750    i.TIM_OC4_SetConfig  stm32f4xx_hal_tim.o
    0x080091d8   0x080091d8   0x00000026   Code   RO         5752    i.TIM_TI1_ConfigInputStage  stm32f4xx_hal_tim.o
    0x080091fe   0x080091fe   0x00000024   Code   RO         5754    i.TIM_TI2_ConfigInputStage  stm32f4xx_hal_tim.o
    0x08009222   0x08009222   0x00000002   PAD
    0x08009224   0x08009224   0x000000fc   Code   RO         6679    i.UART_SetConfig    stm32f4xx_hal_uart.o
    0x08009320   0x08009320   0x00000130   Code   RO         2270    i.USART3_IRQHandler  remote_control.o
    0x08009450   0x08009450   0x00000004   Code   RO          806    i.UsageFault_Handler  stm32f4xx_it.o
    0x08009454   0x08009454   0x00000030   Code   RO         9055    i.__ARM_fpclassify  m_wm.l(fpclassify.o)
    0x08009484   0x08009484   0x00000026   Code   RO         8985    i.__ARM_fpclassifyf  m_wm.l(fpclassifyf.o)
    0x080094aa   0x080094aa   0x00000002   PAD
    0x080094ac   0x080094ac   0x0000012c   Code   RO         8827    i.__hardfp_asinf    m_wm.l(asinf.o)
    0x080095d8   0x080095d8   0x000002ac   Code   RO         8839    i.__hardfp_atan2f   m_wm.l(atan2f.o)
    0x08009884   0x08009884   0x00000004   PAD
    0x08009888   0x08009888   0x000000c8   Code   RO         8851    i.__hardfp_sin      m_wm.l(sin.o)
    0x08009950   0x08009950   0x0000003a   Code   RO         8875    i.__hardfp_sqrtf    m_wm.l(sqrtf_full.o)
    0x0800998a   0x0800998a   0x00000006   PAD
    0x08009990   0x08009990   0x00000438   Code   RO         9001    i.__ieee754_rem_pio2  m_wm.l(rred.o)
    0x08009dc8   0x08009dc8   0x00000170   Code   RO         8968    i.__kernel_cos      m_wm.l(cos_i.o)
    0x08009f38   0x08009f38   0x000000f8   Code   RO         9057    i.__kernel_poly     m_wm.l(poly.o)
    0x0800a030   0x0800a030   0x00000130   Code   RO         9009    i.__kernel_sin      m_wm.l(sin_i.o)
    0x0800a160   0x0800a160   0x00000014   Code   RO         8972    i.__mathlib_dbl_infnan  m_wm.l(dunder.o)
    0x0800a174   0x0800a174   0x00000004   PAD
    0x0800a178   0x0800a178   0x00000020   Code   RO         8974    i.__mathlib_dbl_invalid  m_wm.l(dunder.o)
    0x0800a198   0x0800a198   0x00000020   Code   RO         8977    i.__mathlib_dbl_underflow  m_wm.l(dunder.o)
    0x0800a1b8   0x0800a1b8   0x00000006   Code   RO         8988    i.__mathlib_flt_infnan  m_wm.l(funder.o)
    0x0800a1be   0x0800a1be   0x00000006   Code   RO         8989    i.__mathlib_flt_infnan2  m_wm.l(funder.o)
    0x0800a1c4   0x0800a1c4   0x00000010   Code   RO         8990    i.__mathlib_flt_invalid  m_wm.l(funder.o)
    0x0800a1d4   0x0800a1d4   0x00000010   Code   RO         8993    i.__mathlib_flt_underflow  m_wm.l(funder.o)
    0x0800a1e4   0x0800a1e4   0x00000068   Code   RO         1251    i.aRGB_led_show     bsp_led.o
    0x0800a24c   0x0800a24c   0x000001d0   Code   RO         8531    i.accel_comple_filter  AHRS.lib(ahrs.o)
    0x0800a41c   0x0800a41c   0x0000018c   Code   RO         8532    i.accel_update_kp_ki  AHRS.lib(ahrs.o)
    0x0800a5a8   0x0800a5a8   0x0000016c   Code   RO         8533    i.angle_to_quat     AHRS.lib(ahrs.o)
    0x0800a714   0x0800a714   0x00000134   Code   RO         2382    i.bmi088_accel_init  bmi088driver.o
    0x0800a848   0x0800a848   0x000002fc   Code   RO         2383    i.bmi088_accel_self_test  bmi088driver.o
    0x0800ab44   0x0800ab44   0x000000f4   Code   RO         2384    i.bmi088_gyro_init  bmi088driver.o
    0x0800ac38   0x0800ac38   0x000000d0   Code   RO         2385    i.bmi088_gyro_self_test  bmi088driver.o
    0x0800ad08   0x0800ad08   0x00000010   Code   RO          982    i.buzzer_off        bsp_buzzer.o
    0x0800ad18   0x0800ad18   0x00000014   Code   RO          983    i.buzzer_on         bsp_buzzer.o
    0x0800ad2c   0x0800ad2c   0x0000007c   Code   RO         2337    i.buzzer_warn_error  test_task.o
    0x0800ada8   0x0800ada8   0x000000ec   Code   RO         1352    i.cali_data_read    calibrate_task.o
    0x0800ae94   0x0800ae94   0x0000008c   Code   RO         1353    i.cali_data_write   calibrate_task.o
    0x0800af20   0x0800af20   0x00000006   Code   RO         1354    i.cali_gimbal_hook  calibrate_task.o
    0x0800af26   0x0800af26   0x00000002   PAD
    0x0800af28   0x0800af28   0x00000064   Code   RO         1355    i.cali_gyro_hook    calibrate_task.o
    0x0800af8c   0x0800af8c   0x00000036   Code   RO         1356    i.cali_head_hook    calibrate_task.o
    0x0800afc2   0x0800afc2   0x00000002   PAD
    0x0800afc4   0x0800afc4   0x000000b8   Code   RO         1357    i.cali_param_init   calibrate_task.o
    0x0800b07c   0x0800b07c   0x00000148   Code   RO         1358    i.calibrate_task    calibrate_task.o
    0x0800b1c4   0x0800b1c4   0x0000005c   Code   RO         1094    i.can_filter_init   bsp_can.o
    0x0800b220   0x0800b220   0x00000030   Code   RO         1644    i.chassis_behaviour_mode_set  chassis_behaviour.o
    0x0800b250   0x0800b250   0x00000088   Code   RO         1769    i.chassis_control_loop  chassis_task.o
    0x0800b2d8   0x0800b2d8   0x00000078   Code   RO         1770    i.chassis_feedback_update  chassis_task.o
    0x0800b350   0x0800b350   0x00000084   Code   RO         1771    i.chassis_init      chassis_task.o
    0x0800b3d4   0x0800b3d4   0x0000001c   Code   RO         1773    i.chassis_set_contorl  chassis_task.o
    0x0800b3f0   0x0800b3f0   0x00000012   Code   RO         1774    i.chassis_set_mode  chassis_task.o
    0x0800b402   0x0800b402   0x00000002   PAD
    0x0800b404   0x0800b404   0x000001d8   Code   RO         1775    i.chassis_task      chassis_task.o
    0x0800b5dc   0x0800b5dc   0x00000030   Code   RO         1122    i.delay_init        bsp_delay.o
    0x0800b60c   0x0800b60c   0x00000050   Code   RO         1124    i.delay_us          bsp_delay.o
    0x0800b65c   0x0800b65c   0x00000124   Code   RO         2044    i.detect_hook       detect_task.o
    0x0800b780   0x0800b780   0x0000016c   Code   RO         2045    i.detect_init       detect_task.o
    0x0800b8ec   0x0800b8ec   0x00000288   Code   RO         2046    i.detect_task       detect_task.o
    0x0800bb74   0x0800bb74   0x00000018   Code   RO         9051    i.fabs              m_wm.l(fabs.o)
    0x0800bb8c   0x0800bb8c   0x0000002e   Code   RO         1163    i.flash_erase_address  bsp_flash.o
    0x0800bbba   0x0800bbba   0x00000014   Code   RO         1164    i.flash_read        bsp_flash.o
    0x0800bbce   0x0800bbce   0x00000002   PAD
    0x0800bbd0   0x0800bbd0   0x00000098   Code   RO         1166    i.flash_write_single_address  bsp_flash.o
    0x0800bc68   0x0800bc68   0x000000f4   Code   RO         1167    i.ger_sector        bsp_flash.o
    0x0800bd5c   0x0800bd5c   0x0000003c   Code   RO         1777    i.getRandomFloat    chassis_task.o
    0x0800bd98   0x0800bd98   0x00000008   Code   RO         2092    i.get_INS_angle_point  ins_task.o
    0x0800bda0   0x0800bda0   0x000000e8   Code   RO         8534    i.get_angle         AHRS.lib(ahrs.o)
    0x0800be88   0x0800be88   0x00000014   Code   RO         1490    i.get_chassis_motor_measure_point  can_receive.o
    0x0800be9c   0x0800be9c   0x0000000c   Code   RO         1359    i.get_control_temperature  calibrate_task.o
    0x0800bea8   0x0800bea8   0x00000008   Code   RO         2047    i.get_error_list_point  detect_task.o
    0x0800beb0   0x0800beb0   0x000000e8   Code   RO         1168    i.get_next_flash_address  bsp_flash.o
    0x0800bf98   0x0800bf98   0x00000008   Code   RO         2271    i.get_remote_control_point  remote_control.o
    0x0800bfa0   0x0800bfa0   0x00000054   Code   RO         2097    i.gyro_offset_calc  ins_task.o
    0x0800bff4   0x0800bff4   0x0000012c   Code   RO         2098    i.imu_cali_slove    ins_task.o
    0x0800c120   0x0800c120   0x000001a8   Code   RO         2099    i.imu_cmd_spi_dma   ins_task.o
    0x0800c2c8   0x0800c2c8   0x0000000c   Code   RO         1223    i.imu_pwm_set       bsp_imu_pwm.o
    0x0800c2d4   0x0800c2d4   0x000000b8   Code   RO         2100    i.imu_temp_control  ins_task.o
    0x0800c38c   0x0800c38c   0x00000002   Code   RO         2640    i.ist8310_GPIO_init  ist8310driver_middleware.o
    0x0800c38e   0x0800c38e   0x00000002   PAD
    0x0800c390   0x0800c390   0x00000028   Code   RO         2642    i.ist8310_IIC_read_single_reg  ist8310driver_middleware.o
    0x0800c3b8   0x0800c3b8   0x00000028   Code   RO         2644    i.ist8310_IIC_write_single_reg  ist8310driver_middleware.o
    0x0800c3e0   0x0800c3e0   0x00000014   Code   RO         2645    i.ist8310_RST_H     ist8310driver_middleware.o
    0x0800c3f4   0x0800c3f4   0x00000014   Code   RO         2646    i.ist8310_RST_L     ist8310driver_middleware.o
    0x0800c408   0x0800c408   0x00000002   Code   RO         2647    i.ist8310_com_init  ist8310driver_middleware.o
    0x0800c40a   0x0800c40a   0x0000000c   Code   RO         2648    i.ist8310_delay_ms  ist8310driver_middleware.o
    0x0800c416   0x0800c416   0x00000002   PAD
    0x0800c418   0x0800c418   0x00000094   Code   RO         2605    i.ist8310_init      ist8310driver.o
    0x0800c4ac   0x0800c4ac   0x000001b0   Code   RO         2235    i.led_RGB_flow_task  led_flow_task.o
    0x0800c65c   0x0800c65c   0x00000058   Code   RO           15    i.main              main.o
    0x0800c6b4   0x0800c6b4   0x0000000c   Code   RO         8017    i.makeFreeRtosPriority  cmsis_os.o
    0x0800c6c0   0x0800c6c0   0x00000010   Code   RO         8019    i.osDelay           cmsis_os.o
    0x0800c6d0   0x0800c6d0   0x0000000a   Code   RO         8022    i.osKernelStart     cmsis_os.o
    0x0800c6da   0x0800c6da   0x0000005c   Code   RO         8056    i.osThreadCreate    cmsis_os.o
    0x0800c736   0x0800c736   0x00000002   PAD
    0x0800c738   0x0800c738   0x00000024   Code   RO         7484    i.pcTaskGetName     tasks.o
    0x0800c75c   0x0800c75c   0x00000080   Code   RO         7485    i.prvAddCurrentTaskToDelayedList  tasks.o
    0x0800c7dc   0x0800c7dc   0x00000088   Code   RO         7486    i.prvAddNewTaskToReadyList  tasks.o
    0x0800c864   0x0800c864   0x0000005c   Code   RO         7849    i.prvCheckForValidListAndQueue  timers.o
    0x0800c8c0   0x0800c8c0   0x00000040   Code   RO         7487    i.prvCheckTasksWaitingTermination  tasks.o
    0x0800c900   0x0800c900   0x00000024   Code   RO         7138    i.prvCopyDataFromQueue  queue.o
    0x0800c924   0x0800c924   0x0000006e   Code   RO         7139    i.prvCopyDataToQueue  queue.o
    0x0800c992   0x0800c992   0x00000040   Code   RO         7488    i.prvDeleteTCB      tasks.o
    0x0800c9d2   0x0800c9d2   0x00000002   PAD
    0x0800c9d4   0x0800c9d4   0x00000024   Code   RO         7850    i.prvGetNextExpireTime  timers.o
    0x0800c9f8   0x0800c9f8   0x00000050   Code   RO         8396    i.prvHeapInit       heap_4.o
    0x0800ca48   0x0800ca48   0x00000028   Code   RO         7489    i.prvIdleTask       tasks.o
    0x0800ca70   0x0800ca70   0x00000018   Code   RO         7142    i.prvInitialiseNewQueue  queue.o
    0x0800ca88   0x0800ca88   0x00000098   Code   RO         7490    i.prvInitialiseNewTask  tasks.o
    0x0800cb20   0x0800cb20   0x00000060   Code   RO         7491    i.prvInitialiseTaskLists  tasks.o
    0x0800cb80   0x0800cb80   0x0000005c   Code   RO         8397    i.prvInsertBlockIntoFreeList  heap_4.o
    0x0800cbdc   0x0800cbdc   0x00000048   Code   RO         7852    i.prvInsertTimerInActiveList  timers.o
    0x0800cc24   0x0800cc24   0x0000001a   Code   RO         7143    i.prvIsQueueEmpty   queue.o
    0x0800cc3e   0x0800cc3e   0x0000001e   Code   RO         7144    i.prvIsQueueFull    queue.o
    0x0800cc5c   0x0800cc5c   0x00000068   Code   RO         7853    i.prvProcessExpiredTimer  timers.o
    0x0800ccc4   0x0800ccc4   0x00000110   Code   RO         7854    i.prvProcessReceivedCommands  timers.o
    0x0800cdd4   0x0800cdd4   0x0000006c   Code   RO         7855    i.prvProcessTimerOrBlockTask  timers.o
    0x0800ce40   0x0800ce40   0x00000024   Code   RO         7492    i.prvResetNextTaskUnblockTime  tasks.o
    0x0800ce64   0x0800ce64   0x0000002c   Code   RO         7856    i.prvSampleTimeNow  timers.o
    0x0800ce90   0x0800ce90   0x0000006e   Code   RO         7493    i.prvSearchForNameWithinSingleList  tasks.o
    0x0800cefe   0x0800cefe   0x00000002   PAD
    0x0800cf00   0x0800cf00   0x00000078   Code   RO         7857    i.prvSwitchTimerLists  timers.o
    0x0800cf78   0x0800cf78   0x00000018   Code   RO         7494    i.prvTaskCheckFreeStackSpace  tasks.o
    0x0800cf90   0x0800cf90   0x00000030   Code   RO         8452    i.prvTaskExitError  port.o
    0x0800cfc0   0x0800cfc0   0x00000014   Code   RO         7858    i.prvTimerTask      timers.o
    0x0800cfd4   0x0800cfd4   0x00000068   Code   RO         7145    i.prvUnlockQueue    queue.o
    0x0800d03c   0x0800d03c   0x000000e8   Code   RO         8398    i.pvPortMalloc      heap_4.o
    0x0800d124   0x0800d124   0x0000002c   Code   RO         8453    i.pxPortInitialiseStack  port.o
    0x0800d150   0x0800d150   0x00000084   Code   RO         8539    i.quat_normalization  AHRS.lib(ahrs.o)
    0x0800d1d4   0x0800d1d4   0x00000014   Code   RO         2272    i.remote_control_init  remote_control.o
    0x0800d1e8   0x0800d1e8   0x000000da   Code   RO         2273    i.sbus_to_rc        remote_control.o
    0x0800d2c2   0x0800d2c2   0x0000003e   Code   RO         8877    i.sqrtf             m_wm.l(sqrtf_full.o)
    0x0800d300   0x0800d300   0x0000008c   Code   RO         2338    i.test_task         test_task.o
    0x0800d38c   0x0800d38c   0x00000068   Code   RO         7497    i.ulTaskNotifyTake  tasks.o
    0x0800d3f4   0x0800d3f4   0x0000007a   Code   RO         8540    i.update_w          AHRS.lib(ahrs.o)
    0x0800d46e   0x0800d46e   0x00000026   Code   RO         7098    i.uxListRemove      list.o
    0x0800d494   0x0800d494   0x00000014   Code   RO         7500    i.uxTaskGetStackHighWaterMark  tasks.o
    0x0800d4a8   0x0800d4a8   0x00000018   Code   RO          412    i.vApplicationGetIdleTaskMemory  freertos.o
    0x0800d4c0   0x0800d4c0   0x00000018   Code   RO          413    i.vApplicationGetTimerTaskMemory  freertos.o
    0x0800d4d8   0x0800d4d8   0x00000016   Code   RO         7099    i.vListInitialise   list.o
    0x0800d4ee   0x0800d4ee   0x00000006   Code   RO         7100    i.vListInitialiseItem  list.o
    0x0800d4f4   0x0800d4f4   0x00000036   Code   RO         7101    i.vListInsert       list.o
    0x0800d52a   0x0800d52a   0x00000018   Code   RO         7102    i.vListInsertEnd    list.o
    0x0800d542   0x0800d542   0x00000002   PAD
    0x0800d544   0x0800d544   0x00000040   Code   RO         8455    i.vPortEnterCritical  port.o
    0x0800d584   0x0800d584   0x0000002c   Code   RO         8456    i.vPortExitCritical  port.o
    0x0800d5b0   0x0800d5b0   0x00000064   Code   RO         8399    i.vPortFree         heap_4.o
    0x0800d614   0x0800d614   0x00000024   Code   RO         8457    i.vPortSetupTimerInterrupt  port.o
    0x0800d638   0x0800d638   0x00000054   Code   RO         8458    i.vPortValidateInterruptPriority  port.o
    0x0800d68c   0x0800d68c   0x00000028   Code   RO         7149    i.vQueueAddToRegistry  queue.o
    0x0800d6b4   0x0800d6b4   0x0000004a   Code   RO         7152    i.vQueueWaitForMessageRestricted  queue.o
    0x0800d6fe   0x0800d6fe   0x00000002   PAD
    0x0800d700   0x0800d700   0x00000050   Code   RO         7504    i.vTaskDelay        tasks.o
    0x0800d750   0x0800d750   0x00000010   Code   RO         7508    i.vTaskInternalSetTimeOutState  tasks.o
    0x0800d760   0x0800d760   0x0000000c   Code   RO         7509    i.vTaskMissedYield  tasks.o
    0x0800d76c   0x0800d76c   0x000000bc   Code   RO         7510    i.vTaskNotifyGiveFromISR  tasks.o
    0x0800d828   0x0800d828   0x00000034   Code   RO         7511    i.vTaskPlaceOnEventList  tasks.o
    0x0800d85c   0x0800d85c   0x0000003c   Code   RO         7512    i.vTaskPlaceOnEventListRestricted  tasks.o
    0x0800d898   0x0800d898   0x00000090   Code   RO         7519    i.vTaskStartScheduler  tasks.o
    0x0800d928   0x0800d928   0x00000010   Code   RO         7521    i.vTaskSuspendAll   tasks.o
    0x0800d938   0x0800d938   0x00000060   Code   RO         7522    i.vTaskSwitchContext  tasks.o
    0x0800d998   0x0800d998   0x00000104   Code   RO         8459    i.xPortStartScheduler  port.o
    0x0800da9c   0x0800da9c   0x0000002c   Code   RO         8460    i.xPortSysTickHandler  port.o
    0x0800dac8   0x0800dac8   0x00000070   Code   RO         7156    i.xQueueGenericCreateStatic  queue.o
    0x0800db38   0x0800db38   0x00000090   Code   RO         7157    i.xQueueGenericReset  queue.o
    0x0800dbc8   0x0800dbc8   0x00000170   Code   RO         7158    i.xQueueGenericSend  queue.o
    0x0800dd38   0x0800dd38   0x000000be   Code   RO         7159    i.xQueueGenericSendFromISR  queue.o
    0x0800ddf6   0x0800ddf6   0x00000002   PAD
    0x0800ddf8   0x0800ddf8   0x00000148   Code   RO         7167    i.xQueueReceive     queue.o
    0x0800df40   0x0800df40   0x00000098   Code   RO         7525    i.xTaskCheckForTimeOut  tasks.o
    0x0800dfd8   0x0800dfd8   0x0000006c   Code   RO         7526    i.xTaskCreate       tasks.o
    0x0800e044   0x0800e044   0x00000060   Code   RO         7527    i.xTaskCreateStatic  tasks.o
    0x0800e0a4   0x0800e0a4   0x0000008c   Code   RO         7531    i.xTaskGetHandle    tasks.o
    0x0800e130   0x0800e130   0x0000001c   Code   RO         7532    i.xTaskGetSchedulerState  tasks.o
    0x0800e14c   0x0800e14c   0x0000000c   Code   RO         7533    i.xTaskGetTickCount  tasks.o
    0x0800e158   0x0800e158   0x000000d4   Code   RO         7535    i.xTaskIncrementTick  tasks.o
    0x0800e22c   0x0800e22c   0x0000009c   Code   RO         7538    i.xTaskPriorityDisinherit  tasks.o
    0x0800e2c8   0x0800e2c8   0x00000078   Code   RO         7540    i.xTaskRemoveFromEventList  tasks.o
    0x0800e340   0x0800e340   0x000000cc   Code   RO         7541    i.xTaskResumeAll    tasks.o
    0x0800e40c   0x0800e40c   0x00000068   Code   RO         7865    i.xTimerCreateTimerTask  timers.o
    0x0800e474   0x0800e474   0x00000074   Code   RO         7866    i.xTimerGenericCommand  timers.o
    0x0800e4e8   0x0800e4e8   0x00000018   Code   RO         8941    x$fpl$basic         g_wm.l(basic.o)
    0x0800e500   0x0800e500   0x000002c4   Code   RO         8799    x$fpl$d2f           g_wm.l(d2f_clz.o)
    0x0800e7c4   0x0800e7c4   0x0000024c   Code   RO         8801    x$fpl$dadd          g_wm.l(daddsub_clz.o)
    0x0800ea10   0x0800ea10   0x0000037c   Code   RO         8808    x$fpl$ddiv          g_wm.l(ddiv_clz.o)
    0x0800ed8c   0x0800ed8c   0x000000c8   Code   RO         9041    x$fpl$dfix          g_wm.l(dfix.o)
    0x0800ee54   0x0800ee54   0x0000002e   Code   RO         8944    x$fpl$dflt          g_wm.l(dflt_clz.o)
    0x0800ee82   0x0800ee82   0x0000001a   Code   RO         8945    x$fpl$dfltn         g_wm.l(dflt_clz.o)
    0x0800ee9c   0x0800ee9c   0x00000026   Code   RO         8943    x$fpl$dfltu         g_wm.l(dflt_clz.o)
    0x0800eec2   0x0800eec2   0x00000002   PAD
    0x0800eec4   0x0800eec4   0x000001c0   Code   RO         8811    x$fpl$dmul          g_wm.l(dmul_clz.o)
    0x0800f084   0x0800f084   0x00000102   Code   RO         8949    x$fpl$dnaninf       g_wm.l(dnaninf.o)
    0x0800f186   0x0800f186   0x00000070   Code   RO         8951    x$fpl$drenorm       g_wm.l(drenorm_clz.o)
    0x0800f1f6   0x0800f1f6   0x0000000c   Code   RO         8953    x$fpl$dretinf       g_wm.l(dretinf.o)
    0x0800f202   0x0800f202   0x00000002   PAD
    0x0800f204   0x0800f204   0x00000050   Code   RO         8802    x$fpl$drsb          g_wm.l(daddsub_clz.o)
    0x0800f254   0x0800f254   0x0000029c   Code   RO         8803    x$fpl$dsub          g_wm.l(daddsub_clz.o)
    0x0800f4f0   0x0800f4f0   0x0000017a   Code   RO         8955    x$fpl$dunder        g_wm.l(dunder_clz.o)
    0x0800f66a   0x0800f66a   0x00000002   PAD
    0x0800f66c   0x0800f66c   0x000001ec   Code   RO         8957    x$fpl$exception     g_wm.l(except.o)
    0x0800f858   0x0800f858   0x0000007a   Code   RO         8813    x$fpl$f2d           g_wm.l(f2d.o)
    0x0800f8d2   0x0800f8d2   0x000000f2   Code   RO         8959    x$fpl$fnaninf       g_wm.l(fnaninf.o)
    0x0800f9c4   0x0800f9c4   0x0000000a   Code   RO         9045    x$fpl$fpinit        g_wm.l(fpinit.o)
    0x0800f9ce   0x0800f9ce   0x0000000a   Code   RO         8961    x$fpl$fretinf       g_wm.l(fretinf.o)
    0x0800f9d8   0x0800f9d8   0x0000013c   Code   RO         8963    x$fpl$funder        g_wm.l(funder_clz.o)
    0x0800fb14   0x0800fb14   0x000000b2   Code   RO         9047    x$fpl$retnan        g_wm.l(retnan.o)
    0x0800fbc6   0x0800fbc6   0x0000007e   Code   RO         8965    x$fpl$trapveneer    g_wm.l(trapv.o)
    0x0800fc44   0x0800fc44   0x00000000   Code   RO         8967    x$fpl$usenofp       g_wm.l(usenofp.o)
    0x0800fc44   0x0800fc44   0x000000a8   Data   RO          415    .constdata          freertos.o
    0x0800fcec   0x0800fcec   0x00000018   Data   RO          947    .constdata          system_stm32f4xx.o
    0x0800fd04   0x0800fd04   0x0000000f   Data   RO         1362    .constdata          calibrate_task.o
    0x0800fd13   0x0800fd13   0x00000001   PAD
    0x0800fd14   0x0800fd14   0x00000020   Data   RO         1780    .constdata          chassis_task.o
    0x0800fd34   0x0800fd34   0x00000054   Data   RO         2050    .constdata          detect_task.o
    0x0800fd88   0x0800fd88   0x00000018   Data   RO         2102    .constdata          ins_task.o
    0x0800fda0   0x0800fda0   0x00000012   Data   RO         2390    .constdata          bmi088driver.o
    0x0800fdb2   0x0800fdb2   0x0000000c   Data   RO         2608    .constdata          ist8310driver.o
    0x0800fdbe   0x0800fdbe   0x00000008   Data   RO         3772    .constdata          stm32f4xx_hal_dma.o
    0x0800fdc6   0x0800fdc6   0x00000002   PAD
    0x0800fdc8   0x0800fdc8   0x0000000c   Data   RO         8541    .constdata          AHRS.lib(ahrs.o)
    0x0800fdd4   0x0800fdd4   0x00000804   Data   RO         8751    .constdata          arm_cortexM4lf_math.lib(arm_common_tables.o)
    0x080105d8   0x080105d8   0x00000030   Data   RO         8969    .constdata          m_wm.l(cos_i.o)
    0x08010608   0x08010608   0x000000c8   Data   RO         9003    .constdata          m_wm.l(rred.o)
    0x080106d0   0x080106d0   0x00000028   Data   RO         9010    .constdata          m_wm.l(sin_i.o)
    0x080106f8   0x080106f8   0x0000002d   Data   RO          416    .conststring        freertos.o
    0x08010725   0x08010725   0x00000003   PAD
    0x08010728   0x08010728   0x00000020   Data   RO         9153    Region$$Table       anon$$obj.o


    Execution Region RW_IRAM1 (Exec base: 0x20000000, Load base: 0x08010748, Size: 0x0000b9b0, Max: 0x00020000, ABSOLUTE, COMPRESSED[0x000000a8])

    Exec Addr    Load Addr    Size         Type   Attr      Idx    E Section Name        Object

    0x20000000   COMPRESSED   0x00000018   Data   RW          417    .data               freertos.o
    0x20000018   COMPRESSED   0x00000004   Data   RW          471    .data               can.o
    0x2000001c   COMPRESSED   0x00000004   Data   RW          948    .data               system_stm32f4xx.o
    0x20000020   COMPRESSED   0x00000008   Data   RW         1125    .data               bsp_delay.o
    0x20000028   COMPRESSED   0x00000010   Data   RW         1169    .data               bsp_flash.o
    0x20000038   COMPRESSED   0x00000008   Data   RW         1252    .data               bsp_led.o
    0x20000040   COMPRESSED   0x00000054   Data   RW         1363    .data               calibrate_task.o
    0x20000094   COMPRESSED   0x00000011   Data   RW         1495    .data               can_receive.o
    0x200000a5   COMPRESSED   0x00000003   PAD
    0x200000a8   COMPRESSED   0x00000041   Data   RW         1781    .data               chassis_task.o
    0x200000e9   COMPRESSED   0x00000003   PAD
    0x200000ec   COMPRESSED   0x00000009   Data   RW         2051    .data               detect_task.o
    0x200000f5   COMPRESSED   0x00000003   PAD
    0x200000f8   COMPRESSED   0x000000a0   Data   RW         2103    .data               ins_task.o
    0x20000198   COMPRESSED   0x0000001c   Data   RW         2236    .data               led_flow_task.o
    0x200001b4   COMPRESSED   0x00000002   Data   RW         2277    .data               remote_control.o
    0x200001b6   COMPRESSED   0x00000002   PAD
    0x200001b8   COMPRESSED   0x0000000a   Data   RW         2339    .data               test_task.o
    0x200001c2   COMPRESSED   0x00000002   PAD
    0x200001c4   COMPRESSED   0x0000002c   Data   RW         2391    .data               bmi088driver.o
    0x200001f0   COMPRESSED   0x0000000c   Data   RW         4194    .data               stm32f4xx_hal.o
    0x200001fc   COMPRESSED   0x0000003c   Data   RW         7544    .data               tasks.o
    0x20000238   COMPRESSED   0x00000014   Data   RW         7874    .data               timers.o
    0x2000024c   COMPRESSED   0x00000020   Data   RW         8405    .data               heap_4.o
    0x2000026c   COMPRESSED   0x0000000c   Data   RW         8461    .data               port.o
    0x20000278   COMPRESSED   0x00000010   Data   RW         8542    .data               AHRS.lib(ahrs.o)
    0x20000288        -       0x000006a8   Zero   RW          414    .bss                freertos.o
    0x20000930        -       0x00000050   Zero   RW          470    .bss                can.o
    0x20000980        -       0x00000054   Zero   RW          545    .bss                i2c.o
    0x200009d4        -       0x00000020   Zero   RW          587    .bss                rtc.o
    0x200009f4        -       0x00000118   Zero   RW          629    .bss                spi.o
    0x20000b0c        -       0x00000168   Zero   RW          678    .bss                tim.o
    0x20000c74        -       0x000000a4   Zero   RW          755    .bss                usart.o
    0x20000d18        -       0x00000115   Zero   RW         1361    .bss                calibrate_task.o
    0x20000e2d   COMPRESSED   0x00000003   PAD
    0x20000e30        -       0x00000080   Zero   RW         1494    .bss                can_receive.o
    0x20000eb0        -       0x000003a8   Zero   RW         1779    .bss                chassis_task.o
    0x20001258        -       0x0000021c   Zero   RW         2049    .bss                detect_task.o
    0x20001474        -       0x00000134   Zero   RW         2101    .bss                ins_task.o
    0x200015a8        -       0x0000005e   Zero   RW         2276    .bss                remote_control.o
    0x20001606   COMPRESSED   0x00000002   PAD
    0x20001608        -       0x00000020   Zero   RW         3426    .bss                stm32f4xx_hal_flash.o
    0x20001628        -       0x00000040   Zero   RW         7170    .bss                queue.o
    0x20001668        -       0x000000f0   Zero   RW         7543    .bss                tasks.o
    0x20001758        -       0x00000110   Zero   RW         7873    .bss                timers.o
    0x20001868        -       0x00006000   Zero   RW         8404    .bss                heap_4.o
    0x20007868        -       0x000000e4   Zero   RW         8780    .bss                c_w.l(rand.o)
    0x2000794c        -       0x00000060   Zero   RW         9060    .bss                c_w.l(libspace.o)
    0x200079ac   COMPRESSED   0x00000004   PAD
    0x200079b0        -       0x00002000   Zero   RW            2    HEAP                startup_stm32f407xx.o
    0x200099b0        -       0x00002000   Zero   RW            1    STACK               startup_stm32f407xx.o


==============================================================================

Image component sizes


      Code (inc. data)   RO Data    RW Data    ZI Data      Debug   Object Name

       168          4          0          0          0       5312   ahrs_middleware.o
      2338         40         18         44          0      10363   bmi088driver.o
       140         28          0          0          0       4672   bmi088middleware.o
        36         12          0          0          0     598573   bsp_buzzer.o
        92          8          0          0          0        570   bsp_can.o
       128         20          0          8          0       1280   bsp_delay.o
       694        108          0         16          0       3957   bsp_flash.o
        12          4          0          0          0        482   bsp_imu_pwm.o
       104         22          0          8          0        572   bsp_led.o
       260         28          0          0          0       1903   bsp_rc.o
     10428        170          0          0          0       5622   bsp_spi.o
      1932        110         15         84        277      16862   calibrate_task.o
       488         44          0          4         80       2310   can.o
       380         50          0         17        128     604449   can_receive.o
        48          0          0          0          0       7889   chassis_behaviour.o
      1046        126         32         65        936      13932   chassis_task.o
       130          0          0          0          0      22747   cmsis_os.o
      1312         42         84          9        540       3202   detect_task.o
       120          6          0          0          0        766   dma.o
         0          0          0          0          0      22048   event_groups.o
       228         48        213         24       1704       3201   freertos.o
       468         22          0          0          0     731023   gpio.o
       504         32          0         32      24576       4931   heap_4.o
       260         30          0          0         84       1625   i2c.o
      4352        326         24        160        308      19210   ins_task.o
       148          6         12          0          0       1883   ist8310driver.o
       136         22          0          0          0       3871   ist8310driver_middleware.o
       432         10          0         28          0       1609   led_flow_task.o
       144          0          0          0          0       3486   list.o
       270         10          0          0          0      99056   main.o
       592          8          0          0          0       2426   pid.o
       814         92          0         12          0      11809   port.o
      1586         24          0          0         64      17392   queue.o
       550         36          0          2         94       3051   remote_control.o
       116         22          0          0         32       1435   rtc.o
       416         38          0          0        280       1835   spi.o
        64         26        392          0      16384        828   startup_stm32f407xx.o
       148         24          0         12          0       8665   stm32f4xx_hal.o
      2004          6          0          0          0      14679   stm32f4xx_hal_can.o
       208         16          0          0          0      33587   stm32f4xx_hal_cortex.o
       414         14          8          0          0       3015   stm32f4xx_hal_dma.o
       568         74          0          0         32       5922   stm32f4xx_hal_flash.o
       380         24          0          0          0       3282   stm32f4xx_hal_flash_ex.o
       594         24          0          0          0       2923   stm32f4xx_hal_gpio.o
      2796         48          0          0          0      13454   stm32f4xx_hal_i2c.o
        84          6          0          0          0        802   stm32f4xx_hal_msp.o
      1722        104          0          0          0       6420   stm32f4xx_hal_rcc.o
       380         34          0          0          0       1492   stm32f4xx_hal_rcc_ex.o
       324          0          0          0          0       3291   stm32f4xx_hal_rtc.o
      1010         14          0          0          0       4761   stm32f4xx_hal_spi.o
      1944         56          0          0          0      14892   stm32f4xx_hal_tim.o
       154          0          0          0          0       1376   stm32f4xx_hal_tim_ex.o
       352          4          0          0          0       1856   stm32f4xx_hal_uart.o
       112         12          0          0          0      13305   stm32f4xx_it.o
       100         18         24          4          0       1107   system_stm32f4xx.o
      2902        244          0         60        240      33689   tasks.o
       264         28          0         10          0       1932   test_task.o
      1364        128          0          0        360       5799   tim.o
      1088         94          0         20        272      30563   timers.o
       284         32          0          0        164       1697   usart.o

    ----------------------------------------------------------------------
     50192       2578        860        632      46560    2444691   Object Totals
         0          0         32          0          0          0   (incl. Generated)
        60          0          6         13          5          0   (incl. Padding)

    ----------------------------------------------------------------------

      Code (inc. data)   RO Data    RW Data    ZI Data      Debug   Library Member Name

      2718         84         12         16          0       9922   ahrs.o
         0          0       2052          0          0       4636   arm_common_tables.o
       120         12          0          0          0      16970   arm_cos_f32.o
       116         12          0          0          0        658   arm_sin_f32.o
        90          0          0          0          0          0   __dczerorl2.o
         8          0          0          0          0         68   __main.o
         0          0          0          0          0          0   __rtentry.o
        12          0          0          0          0          0   __rtentry2.o
         6          0          0          0          0          0   __rtentry4.o
        52          8          0          0          0          0   __scatter.o
        28          0          0          0          0          0   __scatter_zi.o
        48          4          0          0          0         84   _fptrap.o
        22          0          0          0          0        100   _rserrno.o
        16          0          0          0          0         68   aeabi_memset.o
        10          0          0          0          0         68   defsig_exit.o
       172        110          0          0          0         76   defsig_fpe_inner.o
        14          0          0          0          0         80   defsig_fpe_outer.o
        50          0          0          0          0         88   defsig_general.o
        18          0          0          0          0         80   exit.o
         6          0          0          0          0        152   heapauxi.o
         0          0          0          0          0          0   indicate_semi.o
         2          0          0          0          0          0   libinit.o
        10          0          0          0          0          0   libinit2.o
         2          0          0          0          0          0   libshutdown.o
         2          0          0          0          0          0   libshutdown2.o
         8          4          0          0         96         68   libspace.o
       238          0          0          0          0        100   lludivv7m.o
       112         18          0          0        228        160   rand.o
         8          4          0          0          0         68   rt_errno_addr_intlibspace.o
        68          0          0          0          0         68   rt_memclr.o
        78          0          0          0          0         80   rt_memclr_w.o
       138          0          0          0          0         68   rt_memcpy_v6.o
       100          0          0          0          0         80   rt_memcpy_w.o
         2          0          0          0          0          0   rtexit.o
        10          0          0          0          0          0   rtexit2.o
        62          0          0          0          0         76   strlen.o
        12          4          0          0          0         68   sys_exit.o
        74          0          0          0          0         80   sys_stackheap_outer.o
        14          0          0          0          0         76   sys_wrch.o
         2          0          0          0          0         68   use_no_semi.o
        24          0          0          0          0        164   basic.o
       708         16          0          0          0        140   d2f_clz.o
      1336         32          0          0          0        532   daddsub_clz.o
       892        152          0          0          0        292   ddiv_clz.o
       200         16          0          0          0        184   dfix.o
       110          0          0          0          0        348   dflt_clz.o
       448         16          0          0          0        164   dmul_clz.o
       258          4          0          0          0        156   dnaninf.o
       112          0          0          0          0        160   drenorm_clz.o
        12          0          0          0          0        116   dretinf.o
       378          0          0          0          0        168   dunder_clz.o
       492         36          0          0          0        148   except.o
       122          8          0          0          0        132   f2d.o
       242          4          0          0          0        144   fnaninf.o
        10          0          0          0          0        116   fpinit.o
        10          0          0          0          0        116   fretinf.o
       316          0          0          0          0        132   funder_clz.o
       178          0          0          0          0        116   retnan.o
       126          0          0          0          0        148   trapv.o
         0          0          0          0          0          0   usenofp.o
       300         42          0          0          0        176   asinf.o
       684         90          0          0          0        208   atan2f.o
       368         46         48          0          0        200   cos_i.o
        84         16          0          0          0        372   dunder.o
        24          0          0          0          0        124   fabs.o
        48          0          0          0          0        124   fpclassify.o
        38          0          0          0          0        116   fpclassifyf.o
        44         12          0          0          0        464   funder.o
       248          0          0          0          0        152   poly.o
      1080        142        200          0          0        188   rred.o
       200         20          0          0          0        164   sin.o
       304         24         40          0          0        208   sin_i.o
       120          0          0          0          0        272   sqrtf_full.o

    ----------------------------------------------------------------------
     13996        940       2352         16        328      40354   Library Totals
        32          4          0          0          4          0   (incl. Padding)

    ----------------------------------------------------------------------

      Code (inc. data)   RO Data    RW Data    ZI Data      Debug   Library Name

      2718         84         12         16          0       9922   AHRS.lib
       236         24       2052          0          0      22264   arm_cortexM4lf_math.lib
      1494        152          0          0        324       1924   c_w.l
      5974        284          0          0          0       3476   g_wm.l
      3542        392        288          0          0       2768   m_wm.l

    ----------------------------------------------------------------------
     13996        940       2352         16        328      40354   Library Totals

    ----------------------------------------------------------------------

==============================================================================


      Code (inc. data)   RO Data    RW Data    ZI Data      Debug   

     64188       3518       3212        648      46888    2448705   Grand Totals
     64188       3518       3212        168      46888    2448705   ELF Image Totals (compressed)
     64188       3518       3212        168          0          0   ROM Totals

==============================================================================

    Total RO  Size (Code + RO Data)                67400 (  65.82kB)
    Total RW  Size (RW Data + ZI Data)             47536 (  46.42kB)
    Total ROM Size (Code + RO Data + RW Data)      67568 (  65.98kB)

==============================================================================

